Archive member included to satisfy reference by file (symbol)

/Applications/ArmGNUToolchain/13.3.rel1/arm-none-eabi/bin/../lib/gcc/arm-none-eabi/13.3.1/thumb/v6-m/nofp/libgcc.a(_dvmd_tls.o)
                              CMakeFiles/picow_sdcard_play.dir/Users/reiya/pico/pico-sdk/src/rp2_common/pico_divider/divider_hardware.S.o (__aeabi_idiv0)
/Applications/ArmGNUToolchain/13.3.rel1/arm-none-eabi/bin/../lib/gcc/arm-none-eabi/13.3.1/../../../../arm-none-eabi/lib/thumb/v6-m/nofp/libg.a(libc_a-atoi.o)
                              CMakeFiles/picow_sdcard_play.dir/src/sd_driver/sd_card.c.o (atoi)
/Applications/ArmGNUToolchain/13.3.rel1/arm-none-eabi/bin/../lib/gcc/arm-none-eabi/13.3.1/../../../../arm-none-eabi/lib/thumb/v6-m/nofp/libg.a(libc_a-calloc.o)
                              CMakeFiles/picow_sdcard_play.dir/Users/reiya/pico/pico-sdk/src/rp2_common/pico_malloc/malloc.c.o (calloc)
/Applications/ArmGNUToolchain/13.3.rel1/arm-none-eabi/bin/../lib/gcc/arm-none-eabi/13.3.1/../../../../arm-none-eabi/lib/thumb/v6-m/nofp/libg.a(libc_a-callocr.o)
                              /Applications/ArmGNUToolchain/13.3.rel1/arm-none-eabi/bin/../lib/gcc/arm-none-eabi/13.3.1/../../../../arm-none-eabi/lib/thumb/v6-m/nofp/libg.a(libc_a-calloc.o) (_calloc_r)
/Applications/ArmGNUToolchain/13.3.rel1/arm-none-eabi/bin/../lib/gcc/arm-none-eabi/13.3.1/../../../../arm-none-eabi/lib/thumb/v6-m/nofp/libg.a(libc_a-malloc.o)
                              CMakeFiles/picow_sdcard_play.dir/Users/reiya/pico/pico-sdk/src/rp2_common/pico_malloc/malloc.c.o (malloc)
/Applications/ArmGNUToolchain/13.3.rel1/arm-none-eabi/bin/../lib/gcc/arm-none-eabi/13.3.1/../../../../arm-none-eabi/lib/thumb/v6-m/nofp/libg.a(libc_a-mallocr.o)
                              /Applications/ArmGNUToolchain/13.3.rel1/arm-none-eabi/bin/../lib/gcc/arm-none-eabi/13.3.1/../../../../arm-none-eabi/lib/thumb/v6-m/nofp/libg.a(libc_a-callocr.o) (_malloc_r)
/Applications/ArmGNUToolchain/13.3.rel1/arm-none-eabi/bin/../lib/gcc/arm-none-eabi/13.3.1/../../../../arm-none-eabi/lib/thumb/v6-m/nofp/libg.a(libc_a-mlock.o)
                              /Applications/ArmGNUToolchain/13.3.rel1/arm-none-eabi/bin/../lib/gcc/arm-none-eabi/13.3.1/../../../../arm-none-eabi/lib/thumb/v6-m/nofp/libg.a(libc_a-mallocr.o) (__malloc_lock)
/Applications/ArmGNUToolchain/13.3.rel1/arm-none-eabi/bin/../lib/gcc/arm-none-eabi/13.3.1/../../../../arm-none-eabi/lib/thumb/v6-m/nofp/libg.a(libc_a-realloc.o)
                              CMakeFiles/picow_sdcard_play.dir/Users/reiya/pico/pico-sdk/src/rp2_common/pico_malloc/malloc.c.o (realloc)
/Applications/ArmGNUToolchain/13.3.rel1/arm-none-eabi/bin/../lib/gcc/arm-none-eabi/13.3.1/../../../../arm-none-eabi/lib/thumb/v6-m/nofp/libg.a(libc_a-reallocr.o)
                              /Applications/ArmGNUToolchain/13.3.rel1/arm-none-eabi/bin/../lib/gcc/arm-none-eabi/13.3.1/../../../../arm-none-eabi/lib/thumb/v6-m/nofp/libg.a(libc_a-realloc.o) (_realloc_r)
/Applications/ArmGNUToolchain/13.3.rel1/arm-none-eabi/bin/../lib/gcc/arm-none-eabi/13.3.1/../../../../arm-none-eabi/lib/thumb/v6-m/nofp/libg.a(libc_a-strtol.o)
                              /Applications/ArmGNUToolchain/13.3.rel1/arm-none-eabi/bin/../lib/gcc/arm-none-eabi/13.3.1/../../../../arm-none-eabi/lib/thumb/v6-m/nofp/libg.a(libc_a-atoi.o) (_strtol_r)
/Applications/ArmGNUToolchain/13.3.rel1/arm-none-eabi/bin/../lib/gcc/arm-none-eabi/13.3.1/../../../../arm-none-eabi/lib/thumb/v6-m/nofp/libg.a(libc_a-fopencookie.o)
                              CMakeFiles/picow_sdcard_play.dir/src/src/file_stream.c.o (fopencookie)
/Applications/ArmGNUToolchain/13.3.rel1/arm-none-eabi/bin/../lib/gcc/arm-none-eabi/13.3.1/../../../../arm-none-eabi/lib/thumb/v6-m/nofp/libg.a(libc_a-memcmp.o)
                              CMakeFiles/picow_sdcard_play.dir/Users/reiya/pico/pico-sdk/src/rp2_common/pico_atomic/atomic.c.o (memcmp)
/Applications/ArmGNUToolchain/13.3.rel1/arm-none-eabi/bin/../lib/gcc/arm-none-eabi/13.3.1/../../../../arm-none-eabi/lib/thumb/v6-m/nofp/libg.a(libc_a-memmove.o)
                              /Applications/ArmGNUToolchain/13.3.rel1/arm-none-eabi/bin/../lib/gcc/arm-none-eabi/13.3.1/../../../../arm-none-eabi/lib/thumb/v6-m/nofp/libg.a(libc_a-reallocr.o) (memmove)
/Applications/ArmGNUToolchain/13.3.rel1/arm-none-eabi/bin/../lib/gcc/arm-none-eabi/13.3.1/../../../../arm-none-eabi/lib/thumb/v6-m/nofp/libg.a(libc_a-strchr.o)
                              CMakeFiles/picow_sdcard_play.dir/src/ff15/source/ff.c.o (strchr)
/Applications/ArmGNUToolchain/13.3.rel1/arm-none-eabi/bin/../lib/gcc/arm-none-eabi/13.3.1/../../../../arm-none-eabi/lib/thumb/v6-m/nofp/libg.a(libc_a-lcltime_r.o)
                              CMakeFiles/picow_sdcard_play.dir/Users/reiya/pico/pico-sdk/src/common/pico_util/datetime.c.o (localtime_r)
/Applications/ArmGNUToolchain/13.3.rel1/arm-none-eabi/bin/../lib/gcc/arm-none-eabi/13.3.1/../../../../arm-none-eabi/lib/thumb/v6-m/nofp/libg.a(libc_a-mktime.o)
[...]
Memory Configuration

Name             Origin             Length             Attributes
FLASH            0x10000000         0x00200000         xr
RAM              0x20000000         0x00040000         xrw
SCRATCH_X        0x20040000         0x00001000         xrw
SCRATCH_Y        0x20041000         0x00001000         xrw
*default*        0x00000000         0xffffffff

Linker script and memory map

LOAD /Applications/ArmGNUToolchain/13.3.rel1/arm-none-eabi/bin/../lib/gcc/arm-none-eabi/13.3.1/thumb/v6-m/nofp/crti.o
LOAD /Applications/ArmGNUToolchain/13.3.rel1/arm-none-eabi/bin/../lib/gcc/arm-none-eabi/13.3.1/thumb/v6-m/nofp/crtbegin.o
LOAD /Applications/ArmGNUToolchain/13.3.rel1/arm-none-eabi/bin/../lib/gcc/arm-none-eabi/13.3.1/../../../../arm-none-eabi/lib/thumb/v6-m/nofp/crt0.o

.flash_begin    0x10000000        0x0
                0x10000000                        __flash_binary_start = .

.boot2          0x10000000      0x100
                0x10000000                        __boot2_start__ = .
 *(.boot2)
 .boot2         0x10000000      0x100 pico-sdk/src/rp2040/boot_stage2/CMakeFiles/bs2_default_library.dir/bs2_default_padded_checksummed.S.o
                0x10000100                        __boot2_end__ = .
                0x00000001                        ASSERT (((__boot2_end__ - __boot2_start__) == 0x100), ERROR: Pico second stage bootloader must be 256 bytes in size)

.text           0x10000100    0x12358
                0x10000100                        __logical_binary_start = .
 *(.vectors)
 .vectors       0x10000100       0xd4 CMakeFiles/picow_sdcard_play.dir/Users/reiya/pico/pico-sdk/src/rp2_common/pico_crt0/crt0.S.o
                0x10000100                __VECTOR_TABLE
                0x10000100                __vectors
                0x100001c0                __default_isrs_start
                0x100001c0                isr_invalid
                0x100001c2                NMI_Handler
                0x100001c6                SVC_Handler
                0x100001c8                PendSV_Handler
                0x100001ca                SysTick_Handler
                0x100001cc                SPI1_IRQ_Handler
                0x100001cc                isr_irq27
                0x100001cc                isr_irq31
                0x100001cc                PIO1_IRQ_1_Handler
                0x100001cc                DMA_IRQ_1_Handler
                0x100001cc                I2C1_IRQ_Handler
                0x100001cc                SPI0_IRQ_Handler
                0x100001cc                isr_irq28
                0x100001cc                PIO0_IRQ_1_Handler
                0x100001cc                I2C0_IRQ_Handler
                0x100001cc                SIO_IRQ_PROC1_Handler
                0x100001cc                TIMER_IRQ_0_Handler
                0x100001cc                UART1_IRQ_Handler
                0x100001cc                DMA_IRQ_0_Handler
                0x100001cc                RTC_IRQ_Handler
                0x100001cc                TIMER_IRQ_2_Handler
                0x100001cc                CLOCKS_IRQ_Handler
                0x100001cc                PIO1_IRQ_0_Handler
                0x100001cc                ADC_IRQ_FIFO_Handler
                0x100001cc                IO_IRQ_QSPI_Handler
                0x100001cc                SIO_IRQ_PROC0_Handler
                0x100001cc                PWM_IRQ_WRAP_Handler
                0x100001cc                TIMER_IRQ_3_Handler
                0x100001cc                isr_irq30
                0x100001cc                UART0_IRQ_Handler
                0x100001cc                __unhandled_user_irq
                0x100001cc                IO_IRQ_BANK0_Handler
                0x100001cc                PIO0_IRQ_0_Handler
                0x100001cc                USBCTRL_IRQ_Handler
                0x100001cc                TIMER_IRQ_1_Handler
                0x100001cc                XIP_IRQ_Handler
                0x100001cc                isr_irq29
                0x100001cc                isr_irq26
                0x100001cc                __default_isrs_end
                0x100001d2                unhandled_user_irq_num_in_r0
 *(.binary_info_header)
 .binary_info_header
                0x100001d4       0x14 CMakeFiles/picow_sdcard_play.dir/Users/reiya/pico/pico-sdk/src/rp2_common/pico_crt0/crt0.S.o
                0x100001e8                        __binary_info_header_end = .
 *(.embedded_block)
                0x100001e8                        __embedded_block_end = .
 *(.reset)
 .reset         0x100001e8       0x9c CMakeFiles/picow_sdcard_play.dir/Users/reiya/pico/pico-sdk/src/rp2_common/pico_crt0/crt0.S.o
                0x100001e8                _entry_point
 *(.init)
 .init          0x10000284        0x4 /Applications/ArmGNUToolchain/13.3.rel1/arm-none-eabi/bin/../lib/gcc/arm-none-eabi/13.3.1/thumb/v6-m/nofp/crti.o
                0x10000284                _init
 *(EXCLUDE_FILE(*libm.a: *libc.a:*lib_a-mem*.o *libgcc.a:) .text*)
 .text.register_tm_clones
                0x10000288       0x28 /Applications/ArmGNUToolchain/13.3.rel1/arm-none-eabi/bin/../lib/gcc/arm-none-eabi/13.3.1/thumb/v6-m/nofp/crtbegin.o
 .text.frame_dummy
                0x100002b0       0x24 /Applications/ArmGNUToolchain/13.3.rel1/arm-none-eabi/bin/../lib/gcc/arm-none-eabi/13.3.1/thumb/v6-m/nofp/crtbegin.o
 .text.main     0x100002d4      0x134 CMakeFiles/picow_sdcard_play.dir/main.c.o
                0x100002d4                main
 .text.sd_get_num
                0x10000408        0x4 CMakeFiles/picow_sdcard_play.dir/hw_config.c.o
                0x10000408                sd_get_num
 .text.sd_get_by_num
                0x1000040c       0x10 CMakeFiles/picow_sdcard_play.dir/hw_config.c.o
                0x1000040c                sd_get_by_num
 .text.gpio_set_function
                0x1000041c       0x34 CMakeFiles/picow_sdcard_play.dir/Users/reiya/pico/pico-sdk/src/rp2_common/hardware_gpio/gpio.c.o
                0x1000041c                gpio_set_function
 .text.gpio_set_pulls
                0x10000450       0x38 CMakeFiles/picow_sdcard_play.dir/Users/reiya/pico/pico-sdk/src/rp2_common/hardware_gpio/gpio.c.o
                0x10000450                gpio_set_pulls
 .text.gpio_set_slew_rate
                0x10000488       0x20 CMakeFiles/picow_sdcard_play.dir/Users/reiya/pico/pico-sdk/src/rp2_common/hardware_gpio/gpio.c.o
                0x10000488                gpio_set_slew_rate
 .text.gpio_set_drive_strength
                0x100004a8       0x24 CMakeFiles/picow_sdcard_play.dir/Users/reiya/pico/pico-sdk/src/rp2_common/hardware_gpio/gpio.c.o
                0x100004a8                gpio_set_drive_strength
 .text.gpio_init
                0x100004cc       0x16 CMakeFiles/picow_sdcard_play.dir/Users/reiya/pico/pico-sdk/src/rp2_common/hardware_gpio/gpio.c.o
                0x100004cc                gpio_init
 .text.gpio_deinit
                0x100004e2        0xa CMakeFiles/picow_sdcard_play.dir/Users/reiya/pico/pico-sdk/src/rp2_common/hardware_gpio/gpio.c.o
                0x100004e2                gpio_deinit
 .text.rp2040_chip_version
                0x100004ec       0x54 CMakeFiles/picow_sdcard_play.dir/Users/reiya/pico/pico-sdk/src/rp2040/pico_platform/platform.c.o
                0x100004ec                rp2040_chip_version
 .text.panic    0x10000540       0x30 CMakeFiles/picow_sdcard_play.dir/Users/reiya/pico/pico-sdk/src/rp2_common/pico_platform_panic/panic.c.o
                0x10000540                panic
 .text.hw_claim_lock
                0x10000570       0x18 CMakeFiles/picow_sdcard_play.dir/Users/reiya/pico/pico-sdk/src/common/hardware_claim/claim.c.o
                0x10000570                hw_claim_lock
 .text.hw_claim_unlock
                0x10000588       0x14 CMakeFiles/picow_sdcard_play.dir/Users/reiya/pico/pico-sdk/src/common/hardware_claim/claim.c.o
                0x10000588                hw_claim_unlock
 .text.hw_claim_or_assert
                0x1000059c       0x32 CMakeFiles/picow_sdcard_play.dir/Users/reiya/pico/pico-sdk/src/common/hardware_claim/claim.c.o
                0x1000059c                hw_claim_or_assert
 .text.hw_claim_unused_from_range
                0x100005ce       0x50 CMakeFiles/picow_sdcard_play.dir/Users/reiya/pico/pico-sdk/src/common/hardware_claim/claim.c.o
                0x100005ce                hw_claim_unused_from_range
 *fill*         0x1000061e        0x2 
 .text.next_striped_spin_lock_num
                0x10000620       0x1c CMakeFiles/picow_sdcard_play.dir/Users/reiya/pico/pico-sdk/src/rp2_common/hardware_sync/sync.c.o
                0x10000620                next_striped_spin_lock_num
 .text.spin_lock_claim_unused
                0x1000063c       0x24 CMakeFiles/picow_sdcard_play.dir/Users/reiya/pico/pico-sdk/src/rp2_common/hardware_sync/sync.c.o
                0x1000063c                spin_lock_claim_unused
 .text.spin_locks_reset
                0x10000660       0x20 CMakeFiles/picow_sdcard_play.dir/Users/reiya/pico/pico-sdk/src/rp2_common/hardware_sync_spin_lock/sync_spin_lock.c.o
                0x10000660                spin_locks_reset
 .text.set_raw_irq_handler_and_unlock
                0x10000680       0x28 CMakeFiles/picow_sdcard_play.dir/Users/reiya/pico/pico-sdk/src/rp2_common/hardware_irq/irq.c.o
 .text.nvic_ipr0
                0x100006a8        0x8 CMakeFiles/picow_sdcard_play.dir/Users/reiya/pico/pico-sdk/src/rp2_common/hardware_irq/irq.c.o
 .text.runtime_init_per_core_irq_priorities
                0x100006b0       0x1c CMakeFiles/picow_sdcard_play.dir/Users/reiya/pico/pico-sdk/src/rp2_common/hardware_irq/irq.c.o
                0x100006b0                runtime_init_per_core_irq_priorities
 .text.resolve_j_16
                0x100006cc       0x30 CMakeFiles/picow_sdcard_play.dir/Users/reiya/pico/pico-sdk/src/rp2_common/hardware_irq/irq.c.o
 .text.make_j_16
                0x100006fc       0x48 CMakeFiles/picow_sdcard_play.dir/Users/reiya/pico/pico-sdk/src/rp2_common/hardware_irq/irq.c.o
 .text.irq_is_enabled
                0x10000744       0x18 CMakeFiles/picow_sdcard_play.dir/Users/reiya/pico/pico-sdk/src/rp2_common/hardware_irq/irq.c.o
                0x10000744                irq_is_enabled
 .text.irq_set_mask_n_enabled
                0x1000075c       0x1c CMakeFiles/picow_sdcard_play.dir/Users/reiya/pico/pico-sdk/src/rp2_common/hardware_irq/irq.c.o
                0x1000075c                irq_set_mask_n_enabled
 .text.irq_set_enabled
                0x10000778       0x14 CMakeFiles/picow_sdcard_play.dir/Users/reiya/pico/pico-sdk/src/rp2_common/hardware_irq/irq.c.o
                0x10000778                irq_set_enabled
 .text.irq_set_pending
                0x1000078c       0x10 CMakeFiles/picow_sdcard_play.dir/Users/reiya/pico/pico-sdk/src/rp2_common/hardware_irq/irq.c.o
                0x1000078c                irq_set_pending
 .text.irq_get_vtable_handler
                0x1000079c       0x10 CMakeFiles/picow_sdcard_play.dir/Users/reiya/pico/pico-sdk/src/rp2_common/hardware_irq/irq.c.o
                0x1000079c                irq_get_vtable_handler
 .text.irq_has_shared_handler
                0x100007ac       0x24 CMakeFiles/picow_sdcard_play.dir/Users/reiya/pico/pico-sdk/src/rp2_common/hardware_irq/irq.c.o
                0x100007ac                irq_has_shared_handler
 .text.irq_set_exclusive_handler
                0x100007d0       0x54 CMakeFiles/picow_sdcard_play.dir/Users/reiya/pico/pico-sdk/src/rp2_common/hardware_irq/irq.c.o
                0x100007d0                irq_set_exclusive_handler
 .text.irq_add_shared_handler
                0x10000824      0x218 CMakeFiles/picow_sdcard_play.dir/Users/reiya/pico/pico-sdk/src/rp2_common/hardware_irq/irq.c.o
                0x10000824                irq_add_shared_handler
 .text.irq_add_tail_to_free_list
                0x10000a3c       0xf4 CMakeFiles/picow_sdcard_play.dir/Users/reiya/pico/pico-sdk/src/rp2_common/hardware_irq/irq.c.o
                0x10000a3c                irq_add_tail_to_free_list
 .text.user_irq_claim_unused
                0x10000b30       0x2c CMakeFiles/picow_sdcard_play.dir/Users/reiya/pico/pico-sdk/src/rp2_common/hardware_irq/irq.c.o
                0x10000b30                user_irq_claim_unused
 .text.lock_init
                0x10000b5c       0x10 CMakeFiles/picow_sdcard_play.dir/Users/reiya/pico/pico-sdk/src/common/pico_sync/lock_core.c.o
                0x10000b5c                lock_init
 .text.mutex_init
                0x10000b6c       0x1a CMakeFiles/picow_sdcard_play.dir/Users/reiya/pico/pico-sdk/src/common/pico_sync/mutex.c.o
                0x10000b6c                mutex_init
 .text.recursive_mutex_init
                0x10000b86       0x1e CMakeFiles/picow_sdcard_play.dir/Users/reiya/pico/pico-sdk/src/common/pico_sync/mutex.c.o
                0x10000b86                recursive_mutex_init
 .text.runtime_init_mutex
                0x10000ba4       0x4c CMakeFiles/picow_sdcard_play.dir/Users/reiya/pico/pico-sdk/src/common/pico_sync/mutex.c.o
                0x10000ba4                runtime_init_mutex
 .text.critical_section_init_with_lock_num
                0x10000bf0       0x14 CMakeFiles/picow_sdcard_play.dir/Users/reiya/pico/pico-sdk/src/common/pico_sync/critical_section.c.o
                0x10000bf0                critical_section_init_with_lock_num
 .text.critical_section_init
                0x10000c04       0x14 CMakeFiles/picow_sdcard_play.dir/Users/reiya/pico/pico-sdk/src/common/pico_sync/critical_section.c.o
                0x10000c04                critical_section_init
 .text.make_alarm_id
                0x10000c18        0x6 CMakeFiles/picow_sdcard_play.dir/Users/reiya/pico/pico-sdk/src/common/pico_time/time.c.o
 *fill*         0x10000c1e        0x2 
 .text.sleep_until_callback
                0x10000c20       0x30 CMakeFiles/picow_sdcard_play.dir/Users/reiya/pico/pico-sdk/src/common/pico_time/time.c.o
 .text.alarm_pool_irq_handler
                0x10000c50      0x2f8 CMakeFiles/picow_sdcard_play.dir/Users/reiya/pico/pico-sdk/src/common/pico_time/time.c.o
 .text.ta_enable_irq_handler
                0x10000f48       0x2c CMakeFiles/picow_sdcard_play.dir/Users/reiya/pico/pico-sdk/src/common/pico_time/time.c.o
 .text.alarm_pool_post_alloc_init
                0x10000f74       0x78 CMakeFiles/picow_sdcard_play.dir/Users/reiya/pico/pico-sdk/src/common/pico_time/time.c.o
 .text.alarm_pool_get_default
                0x10000fec       0x2c CMakeFiles/picow_sdcard_play.dir/Users/reiya/pico/pico-sdk/src/common/pico_time/time.c.o
                0x10000fec                alarm_pool_get_default
 .text.alarm_pool_add_alarm_at_force_in_context
                0x10001018       0xa4 CMakeFiles/picow_sdcard_play.dir/Users/reiya/pico/pico-sdk/src/common/pico_time/time.c.o
                0x10001018                alarm_pool_add_alarm_at_force_in_context
 .text.alarm_pool_add_alarm_at
                0x100010bc       0x3c CMakeFiles/picow_sdcard_play.dir/Users/reiya/pico/pico-sdk/src/common/pico_time/time.c.o
                0x100010bc                alarm_pool_add_alarm_at
 .text.add_alarm_at
                0x100010f8       0x2e CMakeFiles/picow_sdcard_play.dir/Users/reiya/pico/pico-sdk/src/common/pico_time/time.c.o
 *fill*         0x10001126        0x2 
 .text.alarm_pool_cancel_alarm
                0x10001128       0x78 CMakeFiles/picow_sdcard_play.dir/Users/reiya/pico/pico-sdk/src/common/pico_time/time.c.o
                0x10001128                alarm_pool_cancel_alarm
 .text.cancel_alarm
                0x100011a0       0x10 CMakeFiles/picow_sdcard_play.dir/Users/reiya/pico/pico-sdk/src/common/pico_time/time.c.o
 .text.alarm_pool_core_num
                0x100011b0        0x4 CMakeFiles/picow_sdcard_play.dir/Users/reiya/pico/pico-sdk/src/common/pico_time/time.c.o
                0x100011b0                alarm_pool_core_num
 .text.sleep_until
                0x100011b4       0xc0 CMakeFiles/picow_sdcard_play.dir/Users/reiya/pico/pico-sdk/src/common/pico_time/time.c.o
                0x100011b4                sleep_until
 .text.sleep_us
                0x10001274       0x24 CMakeFiles/picow_sdcard_play.dir/Users/reiya/pico/pico-sdk/src/common/pico_time/time.c.o
                0x10001274                sleep_us
 .text.sleep_ms
                0x10001298       0x14 CMakeFiles/picow_sdcard_play.dir/Users/reiya/pico/pico-sdk/src/common/pico_time/time.c.o
                0x10001298                sleep_ms
 .text.best_effort_wfe_or_timeout
                0x100012ac      0x104 CMakeFiles/picow_sdcard_play.dir/Users/reiya/pico/pico-sdk/src/common/pico_time/time.c.o
                0x100012ac                best_effort_wfe_or_timeout
 .text.alarm_pool_get_default_timer
                0x100013b0        0x8 CMakeFiles/picow_sdcard_play.dir/Users/reiya/pico/pico-sdk/src/common/pico_time/time.c.o
                0x100013b0                alarm_pool_get_default_timer
 .text.runtime_init_default_alarm_pool
                0x100013b8       0x38 CMakeFiles/picow_sdcard_play.dir/Users/reiya/pico/pico-sdk/src/common/pico_time/time.c.o
                0x100013b8                runtime_init_default_alarm_pool
 .text.timer_hardware_alarm_claim
                0x100013f0       0x14 CMakeFiles/picow_sdcard_play.dir/Users/reiya/pico/pico-sdk/src/rp2_common/hardware_timer/timer.c.o
                0x100013f0                timer_hardware_alarm_claim
 .text.timer_time_us_64
                0x10001404       0x10 CMakeFiles/picow_sdcard_play.dir/Users/reiya/pico/pico-sdk/src/rp2_common/hardware_timer/timer.c.o
                0x10001404                timer_time_us_64
 .text.timer_busy_wait_until
                0x10001414       0x1a CMakeFiles/picow_sdcard_play.dir/Users/reiya/pico/pico-sdk/src/rp2_common/hardware_timer/timer.c.o
                0x10001414                timer_busy_wait_until
 *fill*         0x1000142e        0x2 
 .text.time_us_64
                0x10001430       0x10 CMakeFiles/picow_sdcard_play.dir/Users/reiya/pico/pico-sdk/src/rp2_common/hardware_timer/timer.c.o
                0x10001430                time_us_64
 .text.busy_wait_until
                0x10001440       0x14 CMakeFiles/picow_sdcard_play.dir/Users/reiya/pico/pico-sdk/src/rp2_common/hardware_timer/timer.c.o
                0x10001440                busy_wait_until
 .text.pico_mktime
                0x10001454        0x8 CMakeFiles/picow_sdcard_play.dir/Users/reiya/pico/pico-sdk/src/common/pico_util/datetime.c.o
                0x10001454                pico_mktime
 .text.datetime_to_tm
                0x1000145c       0x34 CMakeFiles/picow_sdcard_play.dir/Users/reiya/pico/pico-sdk/src/common/pico_util/datetime.c.o
                0x1000145c                datetime_to_tm
 .text.clock_configure_internal
                0x10001490       0xc4 CMakeFiles/picow_sdcard_play.dir/Users/reiya/pico/pico-sdk/src/rp2_common/hardware_clocks/clocks.c.o
 .text.clock_configure_int_divider
                0x10001554       0x28 CMakeFiles/picow_sdcard_play.dir/Users/reiya/pico/pico-sdk/src/rp2_common/hardware_clocks/clocks.c.o
                0x10001554                clock_configure_int_divider
 .text.clock_configure_undivided
                0x1000157c       0x12 CMakeFiles/picow_sdcard_play.dir/Users/reiya/pico/pico-sdk/src/rp2_common/hardware_clocks/clocks.c.o
                0x1000157c                clock_configure_undivided
 *fill*         0x1000158e        0x2 
 .text.clock_get_hz
                0x10001590        0xc CMakeFiles/picow_sdcard_play.dir/Users/reiya/pico/pico-sdk/src/rp2_common/hardware_clocks/clocks.c.o
                0x10001590                clock_get_hz
 .text.pll_init
                0x1000159c      0x124 CMakeFiles/picow_sdcard_play.dir/Users/reiya/pico/pico-sdk/src/rp2_common/hardware_pll/pll.c.o
                0x1000159c                pll_init
 .text.watchdog_update
                0x100016c0       0x14 CMakeFiles/picow_sdcard_play.dir/Users/reiya/pico/pico-sdk/src/rp2_common/hardware_watchdog/watchdog.c.o
                0x100016c0                watchdog_update
 .text._watchdog_enable
                0x100016d4       0x7c CMakeFiles/picow_sdcard_play.dir/Users/reiya/pico/pico-sdk/src/rp2_common/hardware_watchdog/watchdog.c.o
                0x100016d4                _watchdog_enable
 .text.watchdog_reboot
                0x10001750       0x48 CMakeFiles/picow_sdcard_play.dir/Users/reiya/pico/pico-sdk/src/rp2_common/hardware_watchdog/watchdog.c.o
                0x10001750                watchdog_reboot
 .text.tick_start
                0x10001798       0x10 CMakeFiles/picow_sdcard_play.dir/Users/reiya/pico/pico-sdk/src/rp2_common/hardware_ticks/ticks.c.o
                0x10001798                tick_start
 .text.rom_func_lookup
                0x100017a8       0x10 CMakeFiles/picow_sdcard_play.dir/Users/reiya/pico/pico-sdk/src/rp2_common/pico_bootrom/bootrom.c.o
                0x100017a8                rom_func_lookup
 .text.rom_data_lookup
                0x100017b8       0x10 CMakeFiles/picow_sdcard_play.dir/Users/reiya/pico/pico-sdk/src/rp2_common/pico_bootrom/bootrom.c.o
                0x100017b8                rom_data_lookup
 .text.rom_funcs_lookup
                0x100017c8       0x36 CMakeFiles/picow_sdcard_play.dir/Users/reiya/pico/pico-sdk/src/rp2_common/pico_bootrom/bootrom.c.o
                0x100017c8                rom_funcs_lookup
 *fill*         0x100017fe        0x2 
 .text.rom_reset_usb_boot_extra
                0x10001800       0x24 CMakeFiles/picow_sdcard_play.dir/Users/reiya/pico/pico-sdk/src/rp2_common/pico_bootrom/bootrom.c.o
                0x10001800                rom_reset_usb_boot_extra
 .text.xosc_init
                0x10001824       0x28 CMakeFiles/picow_sdcard_play.dir/Users/reiya/pico/pico-sdk/src/rp2_common/hardware_xosc/xosc.c.o
                0x10001824                xosc_init
 .text.runtime_run_initializers_from
                0x1000184c       0x18 CMakeFiles/picow_sdcard_play.dir/Users/reiya/pico/pico-sdk/src/rp2_common/pico_runtime/runtime.c.o
 .text.first_per_core_initializer
                0x10001864        0x2 CMakeFiles/picow_sdcard_play.dir/Users/reiya/pico/pico-sdk/src/rp2_common/pico_runtime/runtime.c.o
 *fill*         0x10001866        0x2 
 .text.runtime_run_initializers
                0x10001868       0x10 CMakeFiles/picow_sdcard_play.dir/Users/reiya/pico/pico-sdk/src/rp2_common/pico_runtime/runtime.c.o
                0x10001868                runtime_run_initializers
 .text.runtime_init_early_resets
                0x10001878       0x2c CMakeFiles/picow_sdcard_play.dir/Users/reiya/pico/pico-sdk/src/rp2_common/pico_runtime_init/runtime_init.c.o
                0x10001878                runtime_init_early_resets
 .text.runtime_init_usb_power_down
                0x100018a4       0x1c CMakeFiles/picow_sdcard_play.dir/Users/reiya/pico/pico-sdk/src/rp2_common/pico_runtime_init/runtime_init.c.o
                0x100018a4                runtime_init_usb_power_down
 .text.runtime_init_post_clock_resets
                0x100018c0       0x20 CMakeFiles/picow_sdcard_play.dir/Users/reiya/pico/pico-sdk/src/rp2_common/pico_runtime_init/runtime_init.c.o
                0x100018c0                runtime_init_post_clock_resets
 .text.runtime_init_rp2040_gpio_ie_disable
                0x100018e0       0x14 CMakeFiles/picow_sdcard_play.dir/Users/reiya/pico/pico-sdk/src/rp2_common/pico_runtime_init/runtime_init.c.o
                0x100018e0                runtime_init_rp2040_gpio_ie_disable
 .text.runtime_init_spin_locks_reset
                0x100018f4        0x8 CMakeFiles/picow_sdcard_play.dir/Users/reiya/pico/pico-sdk/src/rp2_common/pico_runtime_init/runtime_init.c.o
                0x100018f4                runtime_init_spin_locks_reset
 .text.runtime_init_install_ram_vector_table
                0x100018fc       0x1c CMakeFiles/picow_sdcard_play.dir/Users/reiya/pico/pico-sdk/src/rp2_common/pico_runtime_init/runtime_init.c.o
                0x100018fc                runtime_init_install_ram_vector_table
 .text.start_all_ticks
                0x10001918       0x28 CMakeFiles/picow_sdcard_play.dir/Users/reiya/pico/pico-sdk/src/rp2_common/pico_runtime_init/runtime_init_clocks.c.o
 .text.runtime_init_clocks
                0x10001940       0xcc CMakeFiles/picow_sdcard_play.dir/Users/reiya/pico/pico-sdk/src/rp2_common/pico_runtime_init/runtime_init_clocks.c.o
                0x10001940                runtime_init_clocks
 .text          0x10001a0c       0x10 CMakeFiles/picow_sdcard_play.dir/Users/reiya/pico/pico-sdk/src/rp2_common/pico_bit_ops/bit_ops_aeabi.S.o
 .text.__wrap___aeabi_idiv
                0x10001a1c       0x50 CMakeFiles/picow_sdcard_play.dir/Users/reiya/pico/pico-sdk/src/rp2_common/pico_divider/divider_hardware.S.o
                0x10001a1c                __wrap___aeabi_idivmod
                0x10001a1c                divmod_s32s32
                0x10001a1c                div_s32s32
                0x10001a1c                __wrap___aeabi_idiv
                0x10001a24                divmod_s32s32_unsafe
                0x10001a50                divmod_s32s32_savestate
 .text.__wrap___aeabi_uidiv
                0x10001a6c       0x4c CMakeFiles/picow_sdcard_play.dir/Users/reiya/pico/pico-sdk/src/rp2_common/pico_divider/divider_hardware.S.o
                0x10001a6c                __wrap___aeabi_uidiv
                0x10001a6c                __wrap___aeabi_uidivmod
                0x10001a6c                div_u32u32
                0x10001a6c                divmod_u32u32
                0x10001a74                divmod_u32u32_unsafe
                0x10001a9c                divmod_u32u32_savestate
 .text.__wrap___aeabi_ldiv
                0x10001ab8      0x424 CMakeFiles/picow_sdcard_play.dir/Users/reiya/pico/pico-sdk/src/rp2_common/pico_divider/divider_hardware.S.o
                0x10001ab8                __wrap___aeabi_ldivmod
                0x10001ab8                div_s64s64
                0x10001ab8                divmod_s64s64
                0x10001ae8                divmod_u64u64
                0x10001ae8                div_u64u64
                0x10001ae8                __wrap___aeabi_uldivmod
                0x10001af8                divmod_u64u64_savestate
                0x10001b18                divmod_s64s64_unsafe
                0x10001ba0                divmod_u64u64_unsafe
 .text.__wrap___aeabi_darithmetic
                0x10001edc       0x60 CMakeFiles/picow_sdcard_play.dir/Users/reiya/pico/pico-sdk/src/rp2_common/pico_double/double_aeabi_rp2040.S.o
                0x10001edc                __wrap___aeabi_drsub
                0x10001ee2                __wrap___aeabi_dsub
                0x10001eec                __wrap___aeabi_dadd
                0x10001ef6                __wrap___aeabi_ddiv
                0x10001f2a                __wrap___aeabi_dmul
 .text.__wrap___aeabi_cdcmple
                0x10001f3c       0x6c CMakeFiles/picow_sdcard_play.dir/Users/reiya/pico/pico-sdk/src/rp2_common/pico_double/double_aeabi_rp2040.S.o
                0x10001f3c                __wrap___aeabi_cdrcmple
                0x10001f4c                __wrap___aeabi_cdcmple
                0x10001f4c                __wrap___aeabi_cdcmpeq
 .text.__wrap___aeabi_dcmplt
                0x10001fa8        0xc CMakeFiles/picow_sdcard_play.dir/Users/reiya/pico/pico-sdk/src/rp2_common/pico_double/double_aeabi_rp2040.S.o
                0x10001fa8                __wrap___aeabi_dcmplt
 .text.__wrap___aeabi_dcmple
                0x10001fb4       0x10 CMakeFiles/picow_sdcard_play.dir/Users/reiya/pico/pico-sdk/src/rp2_common/pico_double/double_aeabi_rp2040.S.o
                0x10001fb4                __wrap___aeabi_dcmple
 .text.__wrap___aeabi_dcmpge
                0x10001fc4       0x10 CMakeFiles/picow_sdcard_play.dir/Users/reiya/pico/pico-sdk/src/rp2_common/pico_double/double_aeabi_rp2040.S.o
                0x10001fc4                __wrap___aeabi_dcmpge
 .text.__wrap___aeabi_dcmpgt
                0x10001fd4        0xa CMakeFiles/picow_sdcard_play.dir/Users/reiya/pico/pico-sdk/src/rp2_common/pico_double/double_aeabi_rp2040.S.o
                0x10001fd4                __wrap___aeabi_dcmpgt
 .text.__wrap___aeabi_dcmpun
                0x10001fde       0x18 CMakeFiles/picow_sdcard_play.dir/Users/reiya/pico/pico-sdk/src/rp2_common/pico_double/double_aeabi_rp2040.S.o
                0x10001fde                __wrap___aeabi_dcmpun
 *fill*         0x10001ff6        0x2 
 .text.__wrap___aeabi_i2d
                0x10001ff8       0x38 CMakeFiles/picow_sdcard_play.dir/Users/reiya/pico/pico-sdk/src/rp2_common/pico_double/double_aeabi_rp2040.S.o
                0x10001ff8                __wrap___aeabi_ui2d
                0x10002000                __wrap___aeabi_i2d
 .text.__wrap___aeabi_d2iz
                0x10002030       0x48 CMakeFiles/picow_sdcard_play.dir/Users/reiya/pico/pico-sdk/src/rp2_common/pico_double/double_aeabi_rp2040.S.o
                0x10002030                __wrap___aeabi_d2iz
                0x10002030                double2int_z
 .text.__wrap___aeabi_d2uiz
                0x10002078       0x10 CMakeFiles/picow_sdcard_play.dir/Users/reiya/pico/pico-sdk/src/rp2_common/pico_double/double_aeabi_rp2040.S.o
                0x10002078                double2uint
                0x10002078                __wrap___aeabi_d2uiz
 .text.__wrap___aeabi_d2f
                0x10002088       0x10 CMakeFiles/picow_sdcard_play.dir/Users/reiya/pico/pico-sdk/src/rp2_common/pico_double/double_aeabi_rp2040.S.o
                0x10002088                __wrap___aeabi_d2f
 .text.missing_double_func_shim
                0x10002098        0xc CMakeFiles/picow_sdcard_play.dir/Users/reiya/pico/pico-sdk/src/rp2_common/pico_double/double_init_rom_rp2040.c.o
 .text.__aeabi_double_init
                0x100020a4       0xd0 CMakeFiles/picow_sdcard_play.dir/Users/reiya/pico/pico-sdk/src/rp2_common/pico_double/double_init_rom_rp2040.c.o
                0x100020a4                __aeabi_double_init
 .text.double_table_shim_on_use_helper
                0x10002174       0x34 CMakeFiles/picow_sdcard_play.dir/Users/reiya/pico/pico-sdk/src/rp2_common/pico_double/double_v1_rom_shim_rp2040.S.o
                0x10002174                double_table_shim_on_use_helper
 .text.__aeabi_lmul
                0x100021a8       0x32 CMakeFiles/picow_sdcard_play.dir/Users/reiya/pico/pico-sdk/src/rp2_common/pico_int64_ops/pico_int64_ops_aeabi.S.o
                0x100021a8                __wrap___aeabi_lmul
 *fill*         0x100021da        0x2 
 .text.__wrap___aeabi_farithmetic
                0x100021dc       0x48 CMakeFiles/picow_sdcard_play.dir/Users/reiya/pico/pico-sdk/src/rp2_common/pico_float/float_aeabi_rp2040.S.o
                0x100021dc                __wrap___aeabi_frsub
                0x100021e2                __wrap___aeabi_fsub
                0x100021e8                __wrap___aeabi_fadd
                0x100021ee                __wrap___aeabi_fdiv
                0x10002216                __wrap___aeabi_fmul
 .text.__wrap___aeabi_cfcmple
                0x10002224       0x50 CMakeFiles/picow_sdcard_play.dir/Users/reiya/pico/pico-sdk/src/rp2_common/pico_float/float_aeabi_rp2040.S.o
                0x10002224                __wrap___aeabi_cfrcmple
                0x10002230                __wrap___aeabi_cfcmpeq
                0x10002230                __wrap___aeabi_cfcmple
 .text.__wrap___aeabi_fcmple
                0x10002274       0x10 CMakeFiles/picow_sdcard_play.dir/Users/reiya/pico/pico-sdk/src/rp2_common/pico_float/float_aeabi_rp2040.S.o
                0x10002274                __wrap___aeabi_fcmple
 .text.__wrap___aeabi_fcmpge
                0x10002284       0x10 CMakeFiles/picow_sdcard_play.dir/Users/reiya/pico/pico-sdk/src/rp2_common/pico_float/float_aeabi_rp2040.S.o
                0x10002284                __wrap___aeabi_fcmpge
 .text.__wrap___aeabi_ui2f
                0x10002294        0xa CMakeFiles/picow_sdcard_play.dir/Users/reiya/pico/pico-sdk/src/rp2_common/pico_float/float_aeabi_rp2040.S.o
                0x10002294                uint2float
                0x10002294                __wrap___aeabi_ui2f
 *fill*         0x1000229e        0x2 
 .text.__wrap___aeabi_i2f
                0x100022a0       0x44 CMakeFiles/picow_sdcard_play.dir/Users/reiya/pico/pico-sdk/src/rp2_common/pico_float/float_aeabi_rp2040.S.o
                0x100022a0                int2float
                0x100022a0                __wrap___aeabi_i2f
 .text.__wrap___aeabi_f2uiz
                0x100022e4        0xc CMakeFiles/picow_sdcard_play.dir/Users/reiya/pico/pico-sdk/src/rp2_common/pico_float/float_aeabi_rp2040.S.o
                0x100022e4                float2uint_z
                0x100022e4                __wrap___aeabi_f2uiz
 .text.missing_float_func_shim
                0x100022f0        0xc CMakeFiles/picow_sdcard_play.dir/Users/reiya/pico/pico-sdk/src/rp2_common/pico_float/float_init_rom_rp2040.c.o
 .text.__aeabi_float_init
                0x100022fc       0x88 CMakeFiles/picow_sdcard_play.dir/Users/reiya/pico/pico-sdk/src/rp2_common/pico_float/float_init_rom_rp2040.c.o
                0x100022fc                __aeabi_float_init
 .text.check_alloc
                0x10002384       0x20 CMakeFiles/picow_sdcard_play.dir/Users/reiya/pico/pico-sdk/src/rp2_common/pico_malloc/malloc.c.o
 .text.__wrap_malloc
                0x100023a4       0x14 CMakeFiles/picow_sdcard_play.dir/Users/reiya/pico/pico-sdk/src/rp2_common/pico_malloc/malloc.c.o
                0x100023a4                __wrap_malloc
 .text.__wrap_realloc
                0x100023b8       0x14 CMakeFiles/picow_sdcard_play.dir/Users/reiya/pico/pico-sdk/src/rp2_common/pico_malloc/malloc.c.o
                0x100023b8                __wrap_realloc
 .text.__wrap_free
                0x100023cc        0x8 CMakeFiles/picow_sdcard_play.dir/Users/reiya/pico/pico-sdk/src/rp2_common/pico_malloc/malloc.c.o
                0x100023cc                __wrap_free
 .text          0x100023d4       0x10 CMakeFiles/picow_sdcard_play.dir/Users/reiya/pico/pico-sdk/src/rp2_common/pico_mem_ops/mem_ops_aeabi.S.o
                0x100023d4                __aeabi_mem_init
 .text.memset   0x100023e4        0xc CMakeFiles/picow_sdcard_play.dir/Users/reiya/pico/pico-sdk/src/rp2_common/pico_mem_ops/mem_ops_aeabi.S.o
                0x100023e4                __wrap_memset
 .text.memcpy   0x100023f0        0xc CMakeFiles/picow_sdcard_play.dir/Users/reiya/pico/pico-sdk/src/rp2_common/pico_mem_ops/mem_ops_aeabi.S.o
                0x100023f0                __wrap___aeabi_memcpy
                0x100023f0                __wrap_memcpy
 .text._out_buffer
                0x100023fc        0x8 CMakeFiles/picow_sdcard_play.dir/Users/reiya/pico/pico-sdk/src/rp2_common/pico_printf/printf.c.o
 .text._out_null
                0x10002404        0x2 CMakeFiles/picow_sdcard_play.dir/Users/reiya/pico/pico-sdk/src/rp2_common/pico_printf/printf.c.o
 .text._out_fct
                0x10002406        0xe CMakeFiles/picow_sdcard_play.dir/Users/reiya/pico/pico-sdk/src/rp2_common/pico_printf/printf.c.o
 .text._atoi    0x10002414       0x24 CMakeFiles/picow_sdcard_play.dir/Users/reiya/pico/pico-sdk/src/rp2_common/pico_printf/printf.c.o
 .text._out_rev
                0x10002438       0xae CMakeFiles/picow_sdcard_play.dir/Users/reiya/pico/pico-sdk/src/rp2_common/pico_printf/printf.c.o
 .text._ntoa_format
                0x100024e6      0x110 CMakeFiles/picow_sdcard_play.dir/Users/reiya/pico/pico-sdk/src/rp2_common/pico_printf/printf.c.o
 .text._ntoa_long
                0x100025f6       0xbc CMakeFiles/picow_sdcard_play.dir/Users/reiya/pico/pico-sdk/src/rp2_common/pico_printf/printf.c.o
 .text._ntoa_long_long
                0x100026b2      0x10e CMakeFiles/picow_sdcard_play.dir/Users/reiya/pico/pico-sdk/src/rp2_common/pico_printf/printf.c.o
 .text._etoa    0x100027c0      0x420 CMakeFiles/picow_sdcard_play.dir/Users/reiya/pico/pico-sdk/src/rp2_common/pico_printf/printf.c.o
 .text._ftoa    0x10002be0      0x354 CMakeFiles/picow_sdcard_play.dir/Users/reiya/pico/pico-sdk/src/rp2_common/pico_printf/printf.c.o
 .text._vsnprintf
                0x10002f34      0x668 CMakeFiles/picow_sdcard_play.dir/Users/reiya/pico/pico-sdk/src/rp2_common/pico_printf/printf.c.o
 .text.__wrap_snprintf
                0x1000359c       0x28 CMakeFiles/picow_sdcard_play.dir/Users/reiya/pico/pico-sdk/src/rp2_common/pico_printf/printf.c.o
                0x1000359c                __wrap_snprintf
 .text.vfctprintf
                0x100035c4       0x20 CMakeFiles/picow_sdcard_play.dir/Users/reiya/pico/pico-sdk/src/rp2_common/pico_printf/printf.c.o
                0x100035c4                vfctprintf
 .text._exit    0x100035e4        0x4 CMakeFiles/picow_sdcard_play.dir/Users/reiya/pico/pico-sdk/src/rp2_common/pico_clib_interface/newlib_interface.c.o
                0x100035e4                _exit
 .text._sbrk    0x100035e8       0x38 CMakeFiles/picow_sdcard_play.dir/Users/reiya/pico/pico-sdk/src/rp2_common/pico_clib_interface/newlib_interface.c.o
                0x100035e8                _sbrk
 .text.exit     0x10003620        0x6 CMakeFiles/picow_sdcard_play.dir/Users/reiya/pico/pico-sdk/src/rp2_common/pico_clib_interface/newlib_interface.c.o
                0x10003620                exit
 *fill*         0x10003626        0x2 
 .text.__assert_func
                0x10003628       0x38 CMakeFiles/picow_sdcard_play.dir/Users/reiya/pico/pico-sdk/src/rp2_common/pico_clib_interface/newlib_interface.c.o
                0x10003628                __assert_func
 .text.runtime_init
                0x10003660       0x28 CMakeFiles/picow_sdcard_play.dir/Users/reiya/pico/pico-sdk/src/rp2_common/pico_clib_interface/newlib_interface.c.o
                0x10003660                runtime_init
 .text.stdio_out_chars_no_crlf
                0x10003688        0xe CMakeFiles/picow_sdcard_play.dir/Users/reiya/pico/pico-sdk/src/rp2_common/pico_stdio/stdio.c.o
 *fill*         0x10003696        0x2 
 .text.stdio_out_chars_crlf
                0x10003698       0x80 CMakeFiles/picow_sdcard_play.dir/Users/reiya/pico/pico-sdk/src/rp2_common/pico_stdio/stdio.c.o
 .text.stdio_stack_buffer_flush
                0x10003718       0x44 CMakeFiles/picow_sdcard_play.dir/Users/reiya/pico/pico-sdk/src/rp2_common/pico_stdio/stdio.c.o
 .text.stdio_buffered_printer
                0x1000375c       0x20 CMakeFiles/picow_sdcard_play.dir/Users/reiya/pico/pico-sdk/src/rp2_common/pico_stdio/stdio.c.o
 .text.stdout_serialize_begin
                0x1000377c       0x30 CMakeFiles/picow_sdcard_play.dir/Users/reiya/pico/pico-sdk/src/rp2_common/pico_stdio/stdio.c.o
                0x1000377c                stdout_serialize_begin
 .text.stdout_serialize_end
                0x100037ac       0x10 CMakeFiles/picow_sdcard_play.dir/Users/reiya/pico/pico-sdk/src/rp2_common/pico_stdio/stdio.c.o
                0x100037ac                stdout_serialize_end
 .text.stdio_put_string
                0x100037bc       0x94 CMakeFiles/picow_sdcard_play.dir/Users/reiya/pico/pico-sdk/src/rp2_common/pico_stdio/stdio.c.o
                0x100037bc                stdio_put_string
 .text.stdio_set_driver_enabled
                0x10003850       0x2c CMakeFiles/picow_sdcard_play.dir/Users/reiya/pico/pico-sdk/src/rp2_common/pico_stdio/stdio.c.o
                0x10003850                stdio_set_driver_enabled
 .text.stdio_flush
                0x1000387c       0x20 CMakeFiles/picow_sdcard_play.dir/Users/reiya/pico/pico-sdk/src/rp2_common/pico_stdio/stdio.c.o
                0x1000387c                stdio_flush
 .text.stdio_init_all
                0x1000389c        0x8 CMakeFiles/picow_sdcard_play.dir/Users/reiya/pico/pico-sdk/src/rp2_common/pico_stdio/stdio.c.o
                0x1000389c                stdio_init_all
 .text.__wrap_puts
                0x100038a4       0x1e CMakeFiles/picow_sdcard_play.dir/Users/reiya/pico/pico-sdk/src/rp2_common/pico_stdio/stdio.c.o
                0x100038a4                __wrap_puts
                0x100038a4                stdio_puts
 *fill*         0x100038c2        0x2 
 .text.__wrap_vprintf
                0x100038c4       0x40 CMakeFiles/picow_sdcard_play.dir/Users/reiya/pico/pico-sdk/src/rp2_common/pico_stdio/stdio.c.o
                0x100038c4                __wrap_vprintf
                0x100038c4                stdio_vprintf
 .text.__wrap_printf
                0x10003904       0x18 CMakeFiles/picow_sdcard_play.dir/Users/reiya/pico/pico-sdk/src/rp2_common/pico_stdio/stdio.c.o
                0x10003904                stdio_printf
                0x10003904                __wrap_printf
 .text.resetd_init
                0x1000391c        0x2 CMakeFiles/picow_sdcard_play.dir/Users/reiya/pico/pico-sdk/src/rp2_common/pico_stdio_usb/reset_interface.c.o
 *fill*         0x1000391e        0x2 
 .text.resetd_reset
                0x10003920        0xc CMakeFiles/picow_sdcard_play.dir/Users/reiya/pico/pico-sdk/src/rp2_common/pico_stdio_usb/reset_interface.c.o
 .text.resetd_open
                0x1000392c       0x34 CMakeFiles/picow_sdcard_play.dir/Users/reiya/pico/pico-sdk/src/rp2_common/pico_stdio_usb/reset_interface.c.o
 .text.resetd_xfer_cb
                0x10003960        0x4 CMakeFiles/picow_sdcard_play.dir/Users/reiya/pico/pico-sdk/src/rp2_common/pico_stdio_usb/reset_interface.c.o
 .text.resetd_control_xfer_cb
                0x10003964       0x60 CMakeFiles/picow_sdcard_play.dir/Users/reiya/pico/pico-sdk/src/rp2_common/pico_stdio_usb/reset_interface.c.o
 .text.tud_descriptor_bos_cb
                0x100039c4        0x8 CMakeFiles/picow_sdcard_play.dir/Users/reiya/pico/pico-sdk/src/rp2_common/pico_stdio_usb/reset_interface.c.o
                0x100039c4                tud_descriptor_bos_cb
 .text.tud_vendor_control_xfer_cb
                0x100039cc       0x38 CMakeFiles/picow_sdcard_play.dir/Users/reiya/pico/pico-sdk/src/rp2_common/pico_stdio_usb/reset_interface.c.o
                0x100039cc                tud_vendor_control_xfer_cb
 .text.usbd_app_driver_get_cb
                0x10003a04        0xc CMakeFiles/picow_sdcard_play.dir/Users/reiya/pico/pico-sdk/src/rp2_common/pico_stdio_usb/reset_interface.c.o
                0x10003a04                usbd_app_driver_get_cb
 .text.tud_cdc_line_coding_cb
                0x10003a10       0x2c CMakeFiles/picow_sdcard_play.dir/Users/reiya/pico/pico-sdk/src/rp2_common/pico_stdio_usb/reset_interface.c.o
                0x10003a10                tud_cdc_line_coding_cb
 .text.stdio_usb_set_chars_available_callback
                0x10003a3c       0x14 CMakeFiles/picow_sdcard_play.dir/Users/reiya/pico/pico-sdk/src/rp2_common/pico_stdio_usb/stdio_usb.c.o
                0x10003a3c                stdio_usb_set_chars_available_callback
 .text.stdio_usb_out_flush
                0x10003a50       0x4c CMakeFiles/picow_sdcard_play.dir/Users/reiya/pico/pico-sdk/src/rp2_common/pico_stdio_usb/stdio_usb.c.o
 .text.usb_irq  0x10003a9c       0x10 CMakeFiles/picow_sdcard_play.dir/Users/reiya/pico/pico-sdk/src/rp2_common/pico_stdio_usb/stdio_usb.c.o
 .text.critical_section_enter_blocking
                0x10003aac       0x16 CMakeFiles/picow_sdcard_play.dir/Users/reiya/pico/pico-sdk/src/rp2_common/pico_stdio_usb/stdio_usb.c.o
 *fill*         0x10003ac2        0x2 
 .text.timer_task
                0x10003ac4       0x60 CMakeFiles/picow_sdcard_play.dir/Users/reiya/pico/pico-sdk/src/rp2_common/pico_stdio_usb/stdio_usb.c.o
 .text.alarm_pool_add_alarm_in_us
                0x10003b24       0x40 CMakeFiles/picow_sdcard_play.dir/Users/reiya/pico/pico-sdk/src/rp2_common/pico_stdio_usb/stdio_usb.c.o
 .text.add_alarm_in_us
                0x10003b64       0x2e CMakeFiles/picow_sdcard_play.dir/Users/reiya/pico/pico-sdk/src/rp2_common/pico_stdio_usb/stdio_usb.c.o
 *fill*         0x10003b92        0x2 
 .text.low_priority_worker_irq
                0x10003b94       0xa0 CMakeFiles/picow_sdcard_play.dir/Users/reiya/pico/pico-sdk/src/rp2_common/pico_stdio_usb/stdio_usb.c.o
 .text.stdio_usb_init
                0x10003c34       0xdc CMakeFiles/picow_sdcard_play.dir/Users/reiya/pico/pico-sdk/src/rp2_common/pico_stdio_usb/stdio_usb.c.o
                0x10003c34                stdio_usb_init
 .text.stdio_usb_connected
                0x10003d10        0xa CMakeFiles/picow_sdcard_play.dir/Users/reiya/pico/pico-sdk/src/rp2_common/pico_stdio_usb/stdio_usb.c.o
                0x10003d10                stdio_usb_connected
 *fill*         0x10003d1a        0x2 
 .text.stdio_usb_in_chars
                0x10003d1c       0x98 CMakeFiles/picow_sdcard_play.dir/Users/reiya/pico/pico-sdk/src/rp2_common/pico_stdio_usb/stdio_usb.c.o
                0x10003d1c                stdio_usb_in_chars
 .text.stdio_usb_out_chars
                0x10003db4       0xe8 CMakeFiles/picow_sdcard_play.dir/Users/reiya/pico/pico-sdk/src/rp2_common/pico_stdio_usb/stdio_usb.c.o
 .text.tud_descriptor_device_cb
                0x10003e9c        0x8 CMakeFiles/picow_sdcard_play.dir/Users/reiya/pico/pico-sdk/src/rp2_common/pico_stdio_usb/stdio_usb_descriptors.c.o
                0x10003e9c                tud_descriptor_device_cb
 .text.tud_descriptor_configuration_cb
                0x10003ea4        0x8 CMakeFiles/picow_sdcard_play.dir/Users/reiya/pico/pico-sdk/src/rp2_common/pico_stdio_usb/stdio_usb_descriptors.c.o
                0x10003ea4                tud_descriptor_configuration_cb
 .text.tud_descriptor_string_cb
                0x10003eac       0x6c CMakeFiles/picow_sdcard_play.dir/Users/reiya/pico/pico-sdk/src/rp2_common/pico_stdio_usb/stdio_usb_descriptors.c.o
                0x10003eac                tud_descriptor_string_cb
 .text._retrieve_unique_id_on_boot
                0x10003f18       0x10 CMakeFiles/picow_sdcard_play.dir/Users/reiya/pico/pico-sdk/src/rp2_common/pico_unique_id/unique_id.c.o
 .text.pico_get_unique_board_id_string
                0x10003f28       0x5c CMakeFiles/picow_sdcard_play.dir/Users/reiya/pico/pico-sdk/src/rp2_common/pico_unique_id/unique_id.c.o
                0x10003f28                pico_get_unique_board_id_string
 .text.flash_get_unique_id
                0x10003f84       0x40 CMakeFiles/picow_sdcard_play.dir/Users/reiya/pico/pico-sdk/src/rp2_common/hardware_flash/flash.c.o
                0x10003f84                flash_get_unique_id
 .text._hw_endpoint_alloc
                0x10003fc4       0x70 CMakeFiles/picow_sdcard_play.dir/Users/reiya/pico/pico-sdk/lib/tinyusb/src/portable/raspberrypi/rp2040/dcd_rp2040.c.o
 .text.hw_endpoint_init
                0x10004034       0xbc CMakeFiles/picow_sdcard_play.dir/Users/reiya/pico/pico-sdk/lib/tinyusb/src/portable/raspberrypi/rp2040/dcd_rp2040.c.o
 .text.hw_endpoint_xfer
                0x100040f0       0x20 CMakeFiles/picow_sdcard_play.dir/Users/reiya/pico/pico-sdk/lib/tinyusb/src/portable/raspberrypi/rp2040/dcd_rp2040.c.o
 .text.dcd_int_enable
                0x10004110       0x2c CMakeFiles/picow_sdcard_play.dir/Users/reiya/pico/pico-sdk/lib/tinyusb/src/portable/raspberrypi/rp2040/dcd_rp2040.c.o
                0x10004110                dcd_int_enable
 .text.dcd_set_address
                0x1000413c       0x2c CMakeFiles/picow_sdcard_play.dir/Users/reiya/pico/pico-sdk/lib/tinyusb/src/portable/raspberrypi/rp2040/dcd_rp2040.c.o
                0x1000413c                dcd_set_address
 .text.dcd_connect
                0x10004168       0x10 CMakeFiles/picow_sdcard_play.dir/Users/reiya/pico/pico-sdk/lib/tinyusb/src/portable/raspberrypi/rp2040/dcd_rp2040.c.o
                0x10004168                dcd_connect
 .text.dcd_init
                0x10004178       0x80 CMakeFiles/picow_sdcard_play.dir/Users/reiya/pico/pico-sdk/lib/tinyusb/src/portable/raspberrypi/rp2040/dcd_rp2040.c.o
                0x10004178                dcd_init
 .text.dcd_sof_enable
                0x100041f8       0x1c CMakeFiles/picow_sdcard_play.dir/Users/reiya/pico/pico-sdk/lib/tinyusb/src/portable/raspberrypi/rp2040/dcd_rp2040.c.o
                0x100041f8                dcd_sof_enable
 .text.dcd_edpt0_status_complete
                0x10004214       0x1c CMakeFiles/picow_sdcard_play.dir/Users/reiya/pico/pico-sdk/lib/tinyusb/src/portable/raspberrypi/rp2040/dcd_rp2040.c.o
                0x10004214                dcd_edpt0_status_complete
 .text.dcd_edpt_open
                0x10004230       0x40 CMakeFiles/picow_sdcard_play.dir/Users/reiya/pico/pico-sdk/lib/tinyusb/src/portable/raspberrypi/rp2040/dcd_rp2040.c.o
                0x10004230                dcd_edpt_open
 .text.dcd_edpt_close_all
                0x10004270        0x8 CMakeFiles/picow_sdcard_play.dir/Users/reiya/pico/pico-sdk/lib/tinyusb/src/portable/raspberrypi/rp2040/dcd_rp2040.c.o
                0x10004270                dcd_edpt_close_all
 .text.dcd_edpt_xfer
                0x10004278       0x30 CMakeFiles/picow_sdcard_play.dir/Users/reiya/pico/pico-sdk/lib/tinyusb/src/portable/raspberrypi/rp2040/dcd_rp2040.c.o
                0x10004278                dcd_edpt_xfer
 .text.dcd_edpt_stall
                0x100042a8       0x3c CMakeFiles/picow_sdcard_play.dir/Users/reiya/pico/pico-sdk/lib/tinyusb/src/portable/raspberrypi/rp2040/dcd_rp2040.c.o
                0x100042a8                dcd_edpt_stall
 .text.dcd_edpt_clear_stall
                0x100042e4       0x30 CMakeFiles/picow_sdcard_play.dir/Users/reiya/pico/pico-sdk/lib/tinyusb/src/portable/raspberrypi/rp2040/dcd_rp2040.c.o
                0x100042e4                dcd_edpt_clear_stall
 .text.unaligned_memcpy
                0x10004314       0x14 CMakeFiles/picow_sdcard_play.dir/Users/reiya/pico/pico-sdk/lib/tinyusb/src/portable/raspberrypi/rp2040/rp2040_usb.c.o
 .text.rp2040_usb_init
                0x10004328       0x44 CMakeFiles/picow_sdcard_play.dir/Users/reiya/pico/pico-sdk/lib/tinyusb/src/portable/raspberrypi/rp2040/rp2040_usb.c.o
                0x10004328                rp2040_usb_init
 .text.hw_endpoint_xfer_start
                0x1000436c       0x60 CMakeFiles/picow_sdcard_play.dir/Users/reiya/pico/pico-sdk/lib/tinyusb/src/portable/raspberrypi/rp2040/rp2040_usb.c.o
                0x1000436c                hw_endpoint_xfer_start
 .text.configuration_reset
                0x100043cc       0x84 CMakeFiles/picow_sdcard_play.dir/Users/reiya/pico/pico-sdk/lib/tinyusb/src/device/usbd.c.o
 .text.critical_section_enter_blocking
                0x10004450       0x16 CMakeFiles/picow_sdcard_play.dir/Users/reiya/pico/pico-sdk/lib/tinyusb/src/device/usbd.c.o
 .text.usbd_reset
                0x10004466        0xc CMakeFiles/picow_sdcard_play.dir/Users/reiya/pico/pico-sdk/lib/tinyusb/src/device/usbd.c.o
 .text.invoke_class_control
                0x10004472       0x1a CMakeFiles/picow_sdcard_play.dir/Users/reiya/pico/pico-sdk/lib/tinyusb/src/device/usbd.c.o
 .text.process_set_config
                0x1000448c      0x1b0 CMakeFiles/picow_sdcard_play.dir/Users/reiya/pico/pico-sdk/lib/tinyusb/src/device/usbd.c.o
 .text.tud_event_hook_cb
                0x1000463c        0x2 CMakeFiles/picow_sdcard_play.dir/Users/reiya/pico/pico-sdk/lib/tinyusb/src/device/usbd.c.o
                0x1000463c                tud_event_hook_cb
 .text.tud_sof_cb
                0x1000463e        0x2 CMakeFiles/picow_sdcard_play.dir/Users/reiya/pico/pico-sdk/lib/tinyusb/src/device/usbd.c.o
                0x1000463e                tud_sof_cb
 .text.tud_descriptor_device_qualifier_cb
                0x10004640        0x4 CMakeFiles/picow_sdcard_play.dir/Users/reiya/pico/pico-sdk/lib/tinyusb/src/device/usbd.c.o
                0x10004640                tud_descriptor_device_qualifier_cb
 .text.tud_descriptor_other_speed_configuration_cb
                0x10004644        0x4 CMakeFiles/picow_sdcard_play.dir/Users/reiya/pico/pico-sdk/lib/tinyusb/src/device/usbd.c.o
                0x10004644                tud_descriptor_other_speed_configuration_cb
 .text.process_get_descriptor
                0x10004648       0xe0 CMakeFiles/picow_sdcard_play.dir/Users/reiya/pico/pico-sdk/lib/tinyusb/src/device/usbd.c.o
 .text.tud_mount_cb
                0x10004728        0x2 CMakeFiles/picow_sdcard_play.dir/Users/reiya/pico/pico-sdk/lib/tinyusb/src/device/usbd.c.o
                0x10004728                tud_mount_cb
 .text.tud_umount_cb
                0x1000472a        0x2 CMakeFiles/picow_sdcard_play.dir/Users/reiya/pico/pico-sdk/lib/tinyusb/src/device/usbd.c.o
                0x1000472a                tud_umount_cb
 .text.tud_suspend_cb
                0x1000472c        0x2 CMakeFiles/picow_sdcard_play.dir/Users/reiya/pico/pico-sdk/lib/tinyusb/src/device/usbd.c.o
                0x1000472c                tud_suspend_cb
 .text.tud_resume_cb
                0x1000472e        0x2 CMakeFiles/picow_sdcard_play.dir/Users/reiya/pico/pico-sdk/lib/tinyusb/src/device/usbd.c.o
                0x1000472e                tud_resume_cb
 .text.tud_mounted
                0x10004730       0x10 CMakeFiles/picow_sdcard_play.dir/Users/reiya/pico/pico-sdk/lib/tinyusb/src/device/usbd.c.o
                0x10004730                tud_mounted
 .text.tud_suspended
                0x10004740       0x10 CMakeFiles/picow_sdcard_play.dir/Users/reiya/pico/pico-sdk/lib/tinyusb/src/device/usbd.c.o
                0x10004740                tud_suspended
 .text.tud_inited
                0x10004750       0x14 CMakeFiles/picow_sdcard_play.dir/Users/reiya/pico/pico-sdk/lib/tinyusb/src/device/usbd.c.o
                0x10004750                tud_inited
 .text.tud_init
                0x10004764       0xdc CMakeFiles/picow_sdcard_play.dir/Users/reiya/pico/pico-sdk/lib/tinyusb/src/device/usbd.c.o
                0x10004764                tud_init
 .text.usbd_edpt_open
                0x10004840       0x60 CMakeFiles/picow_sdcard_play.dir/Users/reiya/pico/pico-sdk/lib/tinyusb/src/device/usbd.c.o
                0x10004840                usbd_edpt_open
 .text.usbd_open_edpt_pair
                0x100048a0       0x88 CMakeFiles/picow_sdcard_play.dir/Users/reiya/pico/pico-sdk/lib/tinyusb/src/device/usbd.c.o
                0x100048a0                usbd_open_edpt_pair
 .text.usbd_edpt_claim
                0x10004928       0x28 CMakeFiles/picow_sdcard_play.dir/Users/reiya/pico/pico-sdk/lib/tinyusb/src/device/usbd.c.o
                0x10004928                usbd_edpt_claim
 .text.usbd_edpt_release
                0x10004950       0x28 CMakeFiles/picow_sdcard_play.dir/Users/reiya/pico/pico-sdk/lib/tinyusb/src/device/usbd.c.o
                0x10004950                usbd_edpt_release
 .text.usbd_edpt_xfer
                0x10004978       0x88 CMakeFiles/picow_sdcard_play.dir/Users/reiya/pico/pico-sdk/lib/tinyusb/src/device/usbd.c.o
                0x10004978                usbd_edpt_xfer
 .text.usbd_edpt_stall
                0x10004a00       0x34 CMakeFiles/picow_sdcard_play.dir/Users/reiya/pico/pico-sdk/lib/tinyusb/src/device/usbd.c.o
                0x10004a00                usbd_edpt_stall
 .text.usbd_edpt_clear_stall
                0x10004a34       0x34 CMakeFiles/picow_sdcard_play.dir/Users/reiya/pico/pico-sdk/lib/tinyusb/src/device/usbd.c.o
                0x10004a34                usbd_edpt_clear_stall
 .text.usbd_edpt_stalled
                0x10004a68       0x1c CMakeFiles/picow_sdcard_play.dir/Users/reiya/pico/pico-sdk/lib/tinyusb/src/device/usbd.c.o
                0x10004a68                usbd_edpt_stalled
 .text.process_control_request
                0x10004a84      0x390 CMakeFiles/picow_sdcard_play.dir/Users/reiya/pico/pico-sdk/lib/tinyusb/src/device/usbd.c.o
 .text.tud_task_ext
                0x10004e14      0x1c8 CMakeFiles/picow_sdcard_play.dir/Users/reiya/pico/pico-sdk/lib/tinyusb/src/device/usbd.c.o
                0x10004e14                tud_task_ext
 .text._status_stage_xact
                0x10004fdc       0x1a CMakeFiles/picow_sdcard_play.dir/Users/reiya/pico/pico-sdk/lib/tinyusb/src/device/usbd_control.c.o
 *fill*         0x10004ff6        0x2 
 .text._data_stage_xact
                0x10004ff8       0x60 CMakeFiles/picow_sdcard_play.dir/Users/reiya/pico/pico-sdk/lib/tinyusb/src/device/usbd_control.c.o
 .text.tud_control_status
                0x10005058       0x28 CMakeFiles/picow_sdcard_play.dir/Users/reiya/pico/pico-sdk/lib/tinyusb/src/device/usbd_control.c.o
                0x10005058                tud_control_status
 .text.tud_control_xfer
                0x10005080       0x98 CMakeFiles/picow_sdcard_play.dir/Users/reiya/pico/pico-sdk/lib/tinyusb/src/device/usbd_control.c.o
                0x10005080                tud_control_xfer
 .text.usbd_control_reset
                0x10005118       0x14 CMakeFiles/picow_sdcard_play.dir/Users/reiya/pico/pico-sdk/lib/tinyusb/src/device/usbd_control.c.o
                0x10005118                usbd_control_reset
 .text.usbd_control_set_complete_callback
                0x1000512c        0xc CMakeFiles/picow_sdcard_play.dir/Users/reiya/pico/pico-sdk/lib/tinyusb/src/device/usbd_control.c.o
                0x1000512c                usbd_control_set_complete_callback
 .text.usbd_control_set_request
                0x10005138       0x1c CMakeFiles/picow_sdcard_play.dir/Users/reiya/pico/pico-sdk/lib/tinyusb/src/device/usbd_control.c.o
                0x10005138                usbd_control_set_request
 .text.usbd_control_xfer_cb
                0x10005154       0xe0 CMakeFiles/picow_sdcard_play.dir/Users/reiya/pico/pico-sdk/lib/tinyusb/src/device/usbd_control.c.o
                0x10005154                usbd_control_xfer_cb
 .text._prep_out_transaction
                0x10005234       0x72 CMakeFiles/picow_sdcard_play.dir/Users/reiya/pico/pico-sdk/lib/tinyusb/src/class/cdc/cdc_device.c.o
 *fill*         0x100052a6        0x2 
 .text.tud_cdc_n_connected
                0x100052a8       0x38 CMakeFiles/picow_sdcard_play.dir/Users/reiya/pico/pico-sdk/lib/tinyusb/src/class/cdc/cdc_device.c.o
                0x100052a8                tud_cdc_n_connected
 .text.tud_cdc_n_available
                0x100052e0       0x18 CMakeFiles/picow_sdcard_play.dir/Users/reiya/pico/pico-sdk/lib/tinyusb/src/class/cdc/cdc_device.c.o
                0x100052e0                tud_cdc_n_available
 .text.tud_cdc_n_read
                0x100052f8       0x38 CMakeFiles/picow_sdcard_play.dir/Users/reiya/pico/pico-sdk/lib/tinyusb/src/class/cdc/cdc_device.c.o
                0x100052f8                tud_cdc_n_read
 .text.tud_cdc_n_write_flush
                0x10005330       0xcc CMakeFiles/picow_sdcard_play.dir/Users/reiya/pico/pico-sdk/lib/tinyusb/src/class/cdc/cdc_device.c.o
                0x10005330                tud_cdc_n_write_flush
 .text.tud_cdc_n_write
                0x100053fc       0x48 CMakeFiles/picow_sdcard_play.dir/Users/reiya/pico/pico-sdk/lib/tinyusb/src/class/cdc/cdc_device.c.o
                0x100053fc                tud_cdc_n_write
 .text.tud_cdc_n_write_available
                0x10005444       0x1c CMakeFiles/picow_sdcard_play.dir/Users/reiya/pico/pico-sdk/lib/tinyusb/src/class/cdc/cdc_device.c.o
                0x10005444                tud_cdc_n_write_available
 .text.cdcd_init
                0x10005460       0xc0 CMakeFiles/picow_sdcard_play.dir/Users/reiya/pico/pico-sdk/lib/tinyusb/src/class/cdc/cdc_device.c.o
                0x10005460                cdcd_init
 .text.cdcd_deinit
                0x10005520       0x50 CMakeFiles/picow_sdcard_play.dir/Users/reiya/pico/pico-sdk/lib/tinyusb/src/class/cdc/cdc_device.c.o
                0x10005520                cdcd_deinit
 .text.cdcd_reset
                0x10005570       0x78 CMakeFiles/picow_sdcard_play.dir/Users/reiya/pico/pico-sdk/lib/tinyusb/src/class/cdc/cdc_device.c.o
                0x10005570                cdcd_reset
 .text.cdcd_open
                0x100055e8       0xf0 CMakeFiles/picow_sdcard_play.dir/Users/reiya/pico/pico-sdk/lib/tinyusb/src/class/cdc/cdc_device.c.o
                0x100055e8                cdcd_open
 .text.cdcd_control_xfer_cb
                0x100056d8      0x138 CMakeFiles/picow_sdcard_play.dir/Users/reiya/pico/pico-sdk/lib/tinyusb/src/class/cdc/cdc_device.c.o
                0x100056d8                cdcd_control_xfer_cb
 .text.cdcd_xfer_cb
                0x10005810      0x144 CMakeFiles/picow_sdcard_play.dir/Users/reiya/pico/pico-sdk/lib/tinyusb/src/class/cdc/cdc_device.c.o
                0x10005810                cdcd_xfer_cb
 .text.tud_vendor_n_mounted
                0x10005954       0x40 CMakeFiles/picow_sdcard_play.dir/Users/reiya/pico/pico-sdk/lib/tinyusb/src/class/vendor/vendor_device.c.o
                0x10005954                tud_vendor_n_mounted
 .text.tud_vendor_n_write_flush
                0x10005994       0x24 CMakeFiles/picow_sdcard_play.dir/Users/reiya/pico/pico-sdk/lib/tinyusb/src/class/vendor/vendor_device.c.o
                0x10005994                tud_vendor_n_write_flush
 .text.vendord_init
                0x100059b8       0x90 CMakeFiles/picow_sdcard_play.dir/Users/reiya/pico/pico-sdk/lib/tinyusb/src/class/vendor/vendor_device.c.o
                0x100059b8                vendord_init
 .text.vendord_deinit
                0x10005a48       0x34 CMakeFiles/picow_sdcard_play.dir/Users/reiya/pico/pico-sdk/lib/tinyusb/src/class/vendor/vendor_device.c.o
                0x10005a48                vendord_deinit
 .text.vendord_reset
                0x10005a7c       0x38 CMakeFiles/picow_sdcard_play.dir/Users/reiya/pico/pico-sdk/lib/tinyusb/src/class/vendor/vendor_device.c.o
                0x10005a7c                vendord_reset
 .text.vendord_open
                0x10005ab4      0x164 CMakeFiles/picow_sdcard_play.dir/Users/reiya/pico/pico-sdk/lib/tinyusb/src/class/vendor/vendor_device.c.o
                0x10005ab4                vendord_open
 .text.vendord_xfer_cb
                0x10005c18       0xc0 CMakeFiles/picow_sdcard_play.dir/Users/reiya/pico/pico-sdk/lib/tinyusb/src/class/vendor/vendor_device.c.o
                0x10005c18                vendord_xfer_cb
 .text.tusb_init
                0x10005cd8       0x24 CMakeFiles/picow_sdcard_play.dir/Users/reiya/pico/pico-sdk/lib/tinyusb/src/tusb.c.o
                0x10005cd8                tusb_init
 .text.tu_edpt_claim
                0x10005cfc       0x50 CMakeFiles/picow_sdcard_play.dir/Users/reiya/pico/pico-sdk/lib/tinyusb/src/tusb.c.o
                0x10005cfc                tu_edpt_claim
 .text.tu_edpt_release
                0x10005d4c       0x38 CMakeFiles/picow_sdcard_play.dir/Users/reiya/pico/pico-sdk/lib/tinyusb/src/tusb.c.o
                0x10005d4c                tu_edpt_release
 .text.tu_edpt_validate
                0x10005d84       0xac CMakeFiles/picow_sdcard_play.dir/Users/reiya/pico/pico-sdk/lib/tinyusb/src/tusb.c.o
                0x10005d84                tu_edpt_validate
 .text.tu_edpt_bind_driver
                0x10005e30       0x26 CMakeFiles/picow_sdcard_play.dir/Users/reiya/pico/pico-sdk/lib/tinyusb/src/tusb.c.o
                0x10005e30                tu_edpt_bind_driver
 .text.tu_edpt_stream_init
                0x10005e56       0x62 CMakeFiles/picow_sdcard_play.dir/Users/reiya/pico/pico-sdk/lib/tinyusb/src/tusb.c.o
                0x10005e56                tu_edpt_stream_init
 .text.tu_edpt_stream_deinit
                0x10005eb8        0x4 CMakeFiles/picow_sdcard_play.dir/Users/reiya/pico/pico-sdk/lib/tinyusb/src/tusb.c.o
                0x10005eb8                tu_edpt_stream_deinit
 .text.tu_edpt_stream_write_zlp_if_needed
                0x10005ebc       0x80 CMakeFiles/picow_sdcard_play.dir/Users/reiya/pico/pico-sdk/lib/tinyusb/src/tusb.c.o
                0x10005ebc                tu_edpt_stream_write_zlp_if_needed
 .text.tu_edpt_stream_write_xfer
                0x10005f3c       0x84 CMakeFiles/picow_sdcard_play.dir/Users/reiya/pico/pico-sdk/lib/tinyusb/src/tusb.c.o
                0x10005f3c                tu_edpt_stream_write_xfer
 .text.tu_edpt_stream_read_xfer
                0x10005fc0       0xf4 CMakeFiles/picow_sdcard_play.dir/Users/reiya/pico/pico-sdk/lib/tinyusb/src/tusb.c.o
                0x10005fc0                tu_edpt_stream_read_xfer
 .text.advance_index
                0x100060b4       0x1a CMakeFiles/picow_sdcard_play.dir/Users/reiya/pico/pico-sdk/lib/tinyusb/src/common/tusb_fifo.c.o
 .text._tu_fifo_peek
                0x100060ce       0x56 CMakeFiles/picow_sdcard_play.dir/Users/reiya/pico/pico-sdk/lib/tinyusb/src/common/tusb_fifo.c.o
 .text._ff_pull_n
                0x10006124       0x68 CMakeFiles/picow_sdcard_play.dir/Users/reiya/pico/pico-sdk/lib/tinyusb/src/common/tusb_fifo.c.o
 .text._tu_fifo_peek_n
                0x1000618c       0x6a CMakeFiles/picow_sdcard_play.dir/Users/reiya/pico/pico-sdk/lib/tinyusb/src/common/tusb_fifo.c.o
 .text._tu_fifo_read_n
                0x100061f6       0x4e CMakeFiles/picow_sdcard_play.dir/Users/reiya/pico/pico-sdk/lib/tinyusb/src/common/tusb_fifo.c.o
 .text._ff_push_n
                0x10006244       0x68 CMakeFiles/picow_sdcard_play.dir/Users/reiya/pico/pico-sdk/lib/tinyusb/src/common/tusb_fifo.c.o
 .text._tu_fifo_write_n
                0x100062ac       0xf0 CMakeFiles/picow_sdcard_play.dir/Users/reiya/pico/pico-sdk/lib/tinyusb/src/common/tusb_fifo.c.o
 .text.tu_fifo_config
                0x1000639c       0x7c CMakeFiles/picow_sdcard_play.dir/Users/reiya/pico/pico-sdk/lib/tinyusb/src/common/tusb_fifo.c.o
                0x1000639c                tu_fifo_config
 .text.tu_fifo_count
                0x10006418       0x2a CMakeFiles/picow_sdcard_play.dir/Users/reiya/pico/pico-sdk/lib/tinyusb/src/common/tusb_fifo.c.o
                0x10006418                tu_fifo_count
 .text.tu_fifo_empty
                0x10006442        0xe CMakeFiles/picow_sdcard_play.dir/Users/reiya/pico/pico-sdk/lib/tinyusb/src/common/tusb_fifo.c.o
                0x10006442                tu_fifo_empty
 .text.tu_fifo_full
                0x10006450       0x28 CMakeFiles/picow_sdcard_play.dir/Users/reiya/pico/pico-sdk/lib/tinyusb/src/common/tusb_fifo.c.o
                0x10006450                tu_fifo_full
 .text.tu_fifo_remaining
                0x10006478       0x2c CMakeFiles/picow_sdcard_play.dir/Users/reiya/pico/pico-sdk/lib/tinyusb/src/common/tusb_fifo.c.o
                0x10006478                tu_fifo_remaining
 .text.tu_fifo_read
                0x100064a4       0x42 CMakeFiles/picow_sdcard_play.dir/Users/reiya/pico/pico-sdk/lib/tinyusb/src/common/tusb_fifo.c.o
                0x100064a4                tu_fifo_read
 .text.tu_fifo_read_n
                0x100064e6        0xa CMakeFiles/picow_sdcard_play.dir/Users/reiya/pico/pico-sdk/lib/tinyusb/src/common/tusb_fifo.c.o
                0x100064e6                tu_fifo_read_n
 .text.tu_fifo_write
                0x100064f0       0x64 CMakeFiles/picow_sdcard_play.dir/Users/reiya/pico/pico-sdk/lib/tinyusb/src/common/tusb_fifo.c.o
                0x100064f0                tu_fifo_write
 .text.tu_fifo_write_n
                0x10006554        0xa CMakeFiles/picow_sdcard_play.dir/Users/reiya/pico/pico-sdk/lib/tinyusb/src/common/tusb_fifo.c.o
                0x10006554                tu_fifo_write_n
 .text.tu_fifo_clear
                0x1000655e       0x3e CMakeFiles/picow_sdcard_play.dir/Users/reiya/pico/pico-sdk/lib/tinyusb/src/common/tusb_fifo.c.o
                0x1000655e                tu_fifo_clear
 .text.tu_fifo_set_overwritable
                0x1000659c       0x46 CMakeFiles/picow_sdcard_play.dir/Users/reiya/pico/pico-sdk/lib/tinyusb/src/common/tusb_fifo.c.o
                0x1000659c                tu_fifo_set_overwritable
 .text.ld_word  0x100065e2        0xa CMakeFiles/picow_sdcard_play.dir/src/ff15/source/ff.c.o
 .text.ld_dword
                0x100065ec       0x18 CMakeFiles/picow_sdcard_play.dir/src/ff15/source/ff.c.o
 .text.ld_qword
                0x10006604       0x44 CMakeFiles/picow_sdcard_play.dir/src/ff15/source/ff.c.o
 .text.st_word  0x10006648        0x8 CMakeFiles/picow_sdcard_play.dir/src/ff15/source/ff.c.o
 .text.st_dword
                0x10006650       0x10 CMakeFiles/picow_sdcard_play.dir/src/ff15/source/ff.c.o
 .text.st_qword
                0x10006660       0x1e CMakeFiles/picow_sdcard_play.dir/src/ff15/source/ff.c.o
 .text.dbc_1st  0x1000667e        0x4 CMakeFiles/picow_sdcard_play.dir/src/ff15/source/ff.c.o
 *fill*         0x10006682        0x2 
 .text.tchar2uni
                0x10006684       0xcc CMakeFiles/picow_sdcard_play.dir/src/ff15/source/ff.c.o
 .text.chk_share
                0x10006750       0x78 CMakeFiles/picow_sdcard_play.dir/src/ff15/source/ff.c.o
 .text.enq_share
                0x100067c8       0x20 CMakeFiles/picow_sdcard_play.dir/src/ff15/source/ff.c.o
 .text.inc_share
                0x100067e8       0xa8 CMakeFiles/picow_sdcard_play.dir/src/ff15/source/ff.c.o
 .text.dec_share
                0x10006890       0x44 CMakeFiles/picow_sdcard_play.dir/src/ff15/source/ff.c.o
 .text.clear_share
                0x100068d4       0x24 CMakeFiles/picow_sdcard_play.dir/src/ff15/source/ff.c.o
 .text.clst2sect
                0x100068f8       0x28 CMakeFiles/picow_sdcard_play.dir/src/ff15/source/ff.c.o
 .text.clmt_clust
                0x10006920       0x30 CMakeFiles/picow_sdcard_play.dir/src/ff15/source/ff.c.o
 .text.ld_clust
                0x10006950       0x26 CMakeFiles/picow_sdcard_play.dir/src/ff15/source/ff.c.o
 .text.st_clust
                0x10006976       0x26 CMakeFiles/picow_sdcard_play.dir/src/ff15/source/ff.c.o
 .text.pick_lfn
                0x1000699c       0x94 CMakeFiles/picow_sdcard_play.dir/src/ff15/source/ff.c.o
 .text.put_lfn  0x10006a30       0x8c CMakeFiles/picow_sdcard_play.dir/src/ff15/source/ff.c.o
 .text.sum_sfn  0x10006abc       0x20 CMakeFiles/picow_sdcard_play.dir/src/ff15/source/ff.c.o
 .text.xdir_sum
                0x10006adc       0x2e CMakeFiles/picow_sdcard_play.dir/src/ff15/source/ff.c.o
 .text.init_alloc_info
                0x10006b0a       0x2e CMakeFiles/picow_sdcard_play.dir/src/ff15/source/ff.c.o
 .text.get_ldnumber
                0x10006b38       0x5c CMakeFiles/picow_sdcard_play.dir/src/ff15/source/ff.c.o
 .text.crc32    0x10006b94       0x30 CMakeFiles/picow_sdcard_play.dir/src/ff15/source/ff.c.o
 .text.validate
                0x10006bc4       0x52 CMakeFiles/picow_sdcard_play.dir/src/ff15/source/ff.c.o
 *fill*         0x10006c16        0x2 
 .text.test_gpt_header
                0x10006c18       0x7c CMakeFiles/picow_sdcard_play.dir/src/ff15/source/ff.c.o
 .text.sync_window
                0x10006c94       0x70 CMakeFiles/picow_sdcard_play.dir/src/ff15/source/ff.c.o
 .text.move_window
                0x10006d04       0x4c CMakeFiles/picow_sdcard_play.dir/src/ff15/source/ff.c.o
 .text.check_fs
                0x10006d50      0x100 CMakeFiles/picow_sdcard_play.dir/src/ff15/source/ff.c.o
 .text.find_volume
                0x10006e50      0x144 CMakeFiles/picow_sdcard_play.dir/src/ff15/source/ff.c.o
 .text.mount_volume
                0x10006f94      0x558 CMakeFiles/picow_sdcard_play.dir/src/ff15/source/ff.c.o
 .text.find_bitmap
                0x100074ec       0xa6 CMakeFiles/picow_sdcard_play.dir/src/ff15/source/ff.c.o
 .text.change_bitmap
                0x10007592       0xa0 CMakeFiles/picow_sdcard_play.dir/src/ff15/source/ff.c.o
 .text.put_fat  0x10007632      0x168 CMakeFiles/picow_sdcard_play.dir/src/ff15/source/ff.c.o
 .text.fill_last_frag
                0x1000779a       0x32 CMakeFiles/picow_sdcard_play.dir/src/ff15/source/ff.c.o
 .text.fill_first_frag
                0x100077cc       0x32 CMakeFiles/picow_sdcard_play.dir/src/ff15/source/ff.c.o
 *fill*         0x100077fe        0x2 
 .text.get_fat  0x10007800      0x1a8 CMakeFiles/picow_sdcard_play.dir/src/ff15/source/ff.c.o
 .text.create_chain
                0x100079a8      0x1f2 CMakeFiles/picow_sdcard_play.dir/src/ff15/source/ff.c.o
 .text.dir_sdi  0x10007b9a       0xd4 CMakeFiles/picow_sdcard_play.dir/src/ff15/source/ff.c.o
 .text.remove_chain
                0x10007c6e      0x14a CMakeFiles/picow_sdcard_play.dir/src/ff15/source/ff.c.o
 .text.dir_clear
                0x10007db8       0xf0 CMakeFiles/picow_sdcard_play.dir/src/ff15/source/ff.c.o
 .text.dir_next
                0x10007ea8      0x104 CMakeFiles/picow_sdcard_play.dir/src/ff15/source/ff.c.o
 .text.dir_alloc
                0x10007fac       0x64 CMakeFiles/picow_sdcard_play.dir/src/ff15/source/ff.c.o
 .text.load_xdir
                0x10008010      0x10c CMakeFiles/picow_sdcard_play.dir/src/ff15/source/ff.c.o
 .text.load_obj_xdir
                0x1000811c       0x34 CMakeFiles/picow_sdcard_play.dir/src/ff15/source/ff.c.o
 .text.dir_read
                0x10008150      0x114 CMakeFiles/picow_sdcard_play.dir/src/ff15/source/ff.c.o
 .text.gen_numname
                0x10008264       0xac CMakeFiles/picow_sdcard_play.dir/src/ff15/source/ff.c.o
 .text.store_xdir
                0x10008310       0x66 CMakeFiles/picow_sdcard_play.dir/src/ff15/source/ff.c.o
 *fill*         0x10008376        0x2 
 .text.create_name
                0x10008378      0x330 CMakeFiles/picow_sdcard_play.dir/src/ff15/source/ff.c.o
 .text.xname_sum
                0x100086a8       0x38 CMakeFiles/picow_sdcard_play.dir/src/ff15/source/ff.c.o
 .text.create_xdir
                0x100086e0       0x90 CMakeFiles/picow_sdcard_play.dir/src/ff15/source/ff.c.o
 .text.cmp_lfn  0x10008770       0xb0 CMakeFiles/picow_sdcard_play.dir/src/ff15/source/ff.c.o
 .text.dir_find
                0x10008820      0x18c CMakeFiles/picow_sdcard_play.dir/src/ff15/source/ff.c.o
 .text.follow_path
                0x100089ac      0x118 CMakeFiles/picow_sdcard_play.dir/src/ff15/source/ff.c.o
 .text.dir_register
                0x10008ac4      0x204 CMakeFiles/picow_sdcard_play.dir/src/ff15/source/ff.c.o
 .text.sync_fs  0x10008cc8       0xa8 CMakeFiles/picow_sdcard_play.dir/src/ff15/source/ff.c.o
 .text.f_mount  0x10008d70       0x60 CMakeFiles/picow_sdcard_play.dir/src/ff15/source/ff.c.o
                0x10008d70                f_mount
 .text.f_open   0x10008dd0      0x350 CMakeFiles/picow_sdcard_play.dir/src/ff15/source/ff.c.o
                0x10008dd0                f_open
 .text.f_read   0x10009120      0x242 CMakeFiles/picow_sdcard_play.dir/src/ff15/source/ff.c.o
                0x10009120                f_read
 .text.f_write  0x10009362      0x294 CMakeFiles/picow_sdcard_play.dir/src/ff15/source/ff.c.o
                0x10009362                f_write
 .text.f_sync   0x100095f6      0x176 CMakeFiles/picow_sdcard_play.dir/src/ff15/source/ff.c.o
                0x100095f6                f_sync
 .text.f_close  0x1000976c       0x2e CMakeFiles/picow_sdcard_play.dir/src/ff15/source/ff.c.o
                0x1000976c                f_close
 .text.ff_memalloc
                0x1000979a        0x8 CMakeFiles/picow_sdcard_play.dir/src/ff15/source/ffsystem.c.o
                0x1000979a                ff_memalloc
 .text.ff_memfree
                0x100097a2        0x8 CMakeFiles/picow_sdcard_play.dir/src/ff15/source/ffsystem.c.o
                0x100097a2                ff_memfree
 *fill*         0x100097aa        0x2 
 .text.ff_uni2oem
                0x100097ac       0x44 CMakeFiles/picow_sdcard_play.dir/src/ff15/source/ffunicode.c.o
                0x100097ac                ff_uni2oem
 .text.ff_wtoupper
                0x100097f0       0xa8 CMakeFiles/picow_sdcard_play.dir/src/ff15/source/ffunicode.c.o
                0x100097f0                ff_wtoupper
 .text.is_handler_added
                0x10009898       0x24 CMakeFiles/picow_sdcard_play.dir/src/sd_driver/dma_interrupts.c.o
 .text.mark_handler_added
                0x100098bc       0x40 CMakeFiles/picow_sdcard_play.dir/src/sd_driver/dma_interrupts.c.o
 .text.dma_irq_handler
                0x100098fc       0x52 CMakeFiles/picow_sdcard_play.dir/src/sd_driver/dma_interrupts.c.o
 *fill*         0x1000994e        0x2 
 .text.dma_irq_add_handler
                0x10009950       0x74 CMakeFiles/picow_sdcard_play.dir/src/sd_driver/dma_interrupts.c.o
                0x10009950                dma_irq_add_handler
 .text.sd_lock  0x100099c4       0x28 CMakeFiles/picow_sdcard_play.dir/src/sd_driver/sd_card.c.o
                0x100099c4                sd_lock
 .text.sd_unlock
                0x100099ec       0x28 CMakeFiles/picow_sdcard_play.dir/src/sd_driver/sd_card.c.o
                0x100099ec                sd_unlock
 .text.sd_is_locked
                0x10009a14       0x34 CMakeFiles/picow_sdcard_play.dir/src/sd_driver/sd_card.c.o
                0x10009a14                sd_is_locked
 .text.sd_card_detect
                0x10009a48       0x5c CMakeFiles/picow_sdcard_play.dir/src/sd_driver/sd_card.c.o
                0x10009a48                sd_card_detect
 .text.sd_set_drive_prefix
                0x10009aa4       0x38 CMakeFiles/picow_sdcard_play.dir/src/sd_driver/sd_card.c.o
                0x10009aa4                sd_set_drive_prefix
 .text.sd_get_drive_prefix
                0x10009adc       0x48 CMakeFiles/picow_sdcard_play.dir/src/sd_driver/sd_card.c.o
                0x10009adc                sd_get_drive_prefix
 .text.sd_init_driver
                0x10009b24      0x160 CMakeFiles/picow_sdcard_play.dir/src/sd_driver/sd_card.c.o
                0x10009b24                sd_init_driver
 .text.sm_config_set_clkdiv
                0x10009c84       0x44 CMakeFiles/picow_sdcard_play.dir/src/sd_driver/SDIO/rp2040_sdio.c.o
 .text.pio_get_default_sm_config
                0x10009cc8       0x28 CMakeFiles/picow_sdcard_play.dir/src/sd_driver/SDIO/rp2040_sdio.c.o
 .text.dump_bytes
                0x10009cf0       0x28 CMakeFiles/picow_sdcard_play.dir/src/sd_driver/SDIO/rp2040_sdio.c.o
 .text.sdio_cmd_clk_program_get_default_config
                0x10009d18       0x40 CMakeFiles/picow_sdcard_play.dir/src/sd_driver/SDIO/rp2040_sdio.c.o
 .text.sdio_data_rx_program_get_default_config
                0x10009d58       0x24 CMakeFiles/picow_sdcard_play.dir/src/sd_driver/SDIO/rp2040_sdio.c.o
 .text.sdio_data_tx_program_get_default_config
                0x10009d7c       0x28 CMakeFiles/picow_sdcard_play.dir/src/sd_driver/SDIO/rp2040_sdio.c.o
 .text.sdio_send_command
                0x10009da4       0xa0 CMakeFiles/picow_sdcard_play.dir/src/sd_driver/SDIO/rp2040_sdio.c.o
 .text.channel_config_set_chain_to
                0x10009e44       0x30 CMakeFiles/picow_sdcard_play.dir/src/sd_driver/SDIO/rp2040_sdio.c.o
 .text.dma_channel_get_default_config
                0x10009e74       0x74 CMakeFiles/picow_sdcard_play.dir/src/sd_driver/SDIO/rp2040_sdio.c.o
 .text.channel_config_set_dreq
                0x10009ee8       0x30 CMakeFiles/picow_sdcard_play.dir/src/sd_driver/SDIO/rp2040_sdio.c.o
 .text.check_sdio_write_response
                0x10009f18       0x94 CMakeFiles/picow_sdcard_play.dir/src/sd_driver/SDIO/rp2040_sdio.c.o
 .text.sdio_start_next_block_tx
                0x10009fac      0x23c CMakeFiles/picow_sdcard_play.dir/src/sd_driver/SDIO/rp2040_sdio.c.o
 .text.rp2040_sdio_stop
                0x1000a1e8       0xd4 CMakeFiles/picow_sdcard_play.dir/src/sd_driver/SDIO/rp2040_sdio.c.o
 .text.sdio_crc16_4bit_checksum
                0x1000a2bc       0x88 CMakeFiles/picow_sdcard_play.dir/src/sd_driver/SDIO/rp2040_sdio.c.o
                0x1000a2bc                sdio_crc16_4bit_checksum
 .text.sdio_compute_next_tx_checksum
                0x1000a344       0x64 CMakeFiles/picow_sdcard_play.dir/src/sd_driver/SDIO/rp2040_sdio.c.o
 .text.sdio_verify_rx_checksums
                0x1000a3a8       0xcc CMakeFiles/picow_sdcard_play.dir/src/sd_driver/SDIO/rp2040_sdio.c.o
 .text.rp2040_sdio_command_R1
                0x1000a474      0x174 CMakeFiles/picow_sdcard_play.dir/src/sd_driver/SDIO/rp2040_sdio.c.o
                0x1000a474                rp2040_sdio_command_R1
 .text.rp2040_sdio_command_R2
                0x1000a5e8      0x1f4 CMakeFiles/picow_sdcard_play.dir/src/sd_driver/SDIO/rp2040_sdio.c.o
                0x1000a5e8                rp2040_sdio_command_R2
 .text.rp2040_sdio_command_R3
                0x1000a7dc       0xac CMakeFiles/picow_sdcard_play.dir/src/sd_driver/SDIO/rp2040_sdio.c.o
                0x1000a7dc                rp2040_sdio_command_R3
 .text.rp2040_sdio_rx_start
                0x1000a888      0x27c CMakeFiles/picow_sdcard_play.dir/src/sd_driver/SDIO/rp2040_sdio.c.o
                0x1000a888                rp2040_sdio_rx_start
 .text.rp2040_sdio_rx_poll
                0x1000ab04       0xa8 CMakeFiles/picow_sdcard_play.dir/src/sd_driver/SDIO/rp2040_sdio.c.o
                0x1000ab04                rp2040_sdio_rx_poll
 .text.rp2040_sdio_tx_start
                0x1000abac       0x9c CMakeFiles/picow_sdcard_play.dir/src/sd_driver/SDIO/rp2040_sdio.c.o
                0x1000abac                rp2040_sdio_tx_start
 .text.rp2040_sdio_tx_poll
                0x1000ac48       0x8c CMakeFiles/picow_sdcard_play.dir/src/sd_driver/SDIO/rp2040_sdio.c.o
                0x1000ac48                rp2040_sdio_tx_poll
 .text.rp2040_sdio_init
                0x1000acd4      0x480 CMakeFiles/picow_sdcard_play.dir/src/sd_driver/SDIO/rp2040_sdio.c.o
                0x1000acd4                rp2040_sdio_init
 .text.ext_bits
                0x1000b154       0x3e CMakeFiles/picow_sdcard_play.dir/src/sd_driver/SDIO/sd_card_sdio.c.o
 .text.CSD_sectors
                0x1000b192       0x56 CMakeFiles/picow_sdcard_play.dir/src/sd_driver/SDIO/sd_card_sdio.c.o
 .text.errstr   0x1000b1e8       0x60 CMakeFiles/picow_sdcard_play.dir/src/sd_driver/SDIO/sd_card_sdio.c.o
 .text.logSDError
                0x1000b248       0x38 CMakeFiles/picow_sdcard_play.dir/src/sd_driver/SDIO/sd_card_sdio.c.o
 .text.calculate_clk_div
                0x1000b280       0x58 CMakeFiles/picow_sdcard_play.dir/src/sd_driver/SDIO/sd_card_sdio.c.o
 .text.sd_sdio_test_com
                0x1000b2d8       0x84 CMakeFiles/picow_sdcard_play.dir/src/sd_driver/SDIO/sd_card_sdio.c.o
 .text.sd_sdio_sectorCount
                0x1000b35c       0x2c CMakeFiles/picow_sdcard_play.dir/src/sd_driver/SDIO/sd_card_sdio.c.o
                0x1000b35c                sd_sdio_sectorCount
 .text.gpio_conf
                0x1000b388       0x4a CMakeFiles/picow_sdcard_play.dir/src/sd_driver/SDIO/sd_card_sdio.c.o
 .text.sd_sdio_deinit
                0x1000b3d2       0x8c CMakeFiles/picow_sdcard_play.dir/src/sd_driver/SDIO/sd_card_sdio.c.o
 *fill*         0x1000b45e        0x2 
 .text.sd_sdio_begin
                0x1000b460      0x2b4 CMakeFiles/picow_sdcard_play.dir/src/sd_driver/SDIO/sd_card_sdio.c.o
                0x1000b460                sd_sdio_begin
 .text.sd_sdio_init
                0x1000b714       0xbe CMakeFiles/picow_sdcard_play.dir/src/sd_driver/SDIO/sd_card_sdio.c.o
 .text.sd_sdio_isBusy
                0x1000b7d2       0x18 CMakeFiles/picow_sdcard_play.dir/src/sd_driver/SDIO/sd_card_sdio.c.o
                0x1000b7d2                sd_sdio_isBusy
 *fill*         0x1000b7ea        0x2 
 .text.sd_sdio_stopTransmission
                0x1000b7ec       0x94 CMakeFiles/picow_sdcard_play.dir/src/sd_driver/SDIO/sd_card_sdio.c.o
                0x1000b7ec                sd_sdio_stopTransmission
 .text.sd_sync  0x1000b880       0x34 CMakeFiles/picow_sdcard_play.dir/src/sd_driver/SDIO/sd_card_sdio.c.o
 .text.sd_sdio_writeSector
                0x1000b8b4       0xd4 CMakeFiles/picow_sdcard_play.dir/src/sd_driver/SDIO/sd_card_sdio.c.o
                0x1000b8b4                sd_sdio_writeSector
 .text.sd_sdio_writeSectors
                0x1000b988      0x12c CMakeFiles/picow_sdcard_play.dir/src/sd_driver/SDIO/sd_card_sdio.c.o
                0x1000b988                sd_sdio_writeSectors
 .text.sd_sdio_write_blocks
                0x1000bab4       0x42 CMakeFiles/picow_sdcard_play.dir/src/sd_driver/SDIO/sd_card_sdio.c.o
 *fill*         0x1000baf6        0x2 
 .text.sd_sdio_readSector
                0x1000baf8       0xe4 CMakeFiles/picow_sdcard_play.dir/src/sd_driver/SDIO/sd_card_sdio.c.o
                0x1000baf8                sd_sdio_readSector
 .text.sd_sdio_readSectors
                0x1000bbdc      0x104 CMakeFiles/picow_sdcard_play.dir/src/sd_driver/SDIO/sd_card_sdio.c.o
                0x1000bbdc                sd_sdio_readSectors
 .text.sd_sdio_read_blocks
                0x1000bce0       0x40 CMakeFiles/picow_sdcard_play.dir/src/sd_driver/SDIO/sd_card_sdio.c.o
 .text.sd_sdio_ctor
                0x1000bd20       0xf8 CMakeFiles/picow_sdcard_play.dir/src/sd_driver/SDIO/sd_card_sdio.c.o
                0x1000bd20                sd_sdio_ctor
 .text.chk_spi  0x1000be18       0x30 CMakeFiles/picow_sdcard_play.dir/src/sd_driver/SPI/my_spi.c.o
 .text.chk_dma  0x1000be48       0x2a CMakeFiles/picow_sdcard_play.dir/src/sd_driver/SPI/my_spi.c.o
 .text.chk_dmas
                0x1000be72       0x22 CMakeFiles/picow_sdcard_play.dir/src/sd_driver/SPI/my_spi.c.o
 .text.spi_lock
                0x1000be94       0x28 CMakeFiles/picow_sdcard_play.dir/src/sd_driver/SPI/my_spi.c.o
 .text.spi_unlock
                0x1000bebc       0x28 CMakeFiles/picow_sdcard_play.dir/src/sd_driver/SPI/my_spi.c.o
 .text.channel_config_set_chain_to
                0x1000bee4       0x30 CMakeFiles/picow_sdcard_play.dir/src/sd_driver/SPI/my_spi.c.o
 .text.dma_channel_get_default_config
                0x1000bf14       0x74 CMakeFiles/picow_sdcard_play.dir/src/sd_driver/SPI/my_spi.c.o
 .text.channel_config_set_dreq
                0x1000bf88       0x30 CMakeFiles/picow_sdcard_play.dir/src/sd_driver/SPI/my_spi.c.o
 .text.spi_transfer_start
                0x1000bfb8       0xe8 CMakeFiles/picow_sdcard_play.dir/src/sd_driver/SPI/my_spi.c.o
                0x1000bfb8                spi_transfer_start
 .text.calculate_transfer_time_ms
                0x1000c0a0       0x4c CMakeFiles/picow_sdcard_play.dir/src/sd_driver/SPI/my_spi.c.o
                0x1000c0a0                calculate_transfer_time_ms
 .text.my_spi_init
                0x1000c0ec      0x258 CMakeFiles/picow_sdcard_play.dir/src/sd_driver/SPI/my_spi.c.o
                0x1000c0ec                my_spi_init
 .text.crc7     0x1000c344       0x28 CMakeFiles/picow_sdcard_play.dir/src/sd_driver/SPI/sd_card_spi.c.o
 .text.ext_bits
                0x1000c36c       0x40 CMakeFiles/picow_sdcard_play.dir/src/sd_driver/SPI/sd_card_spi.c.o
 .text.CSD_sectors
                0x1000c3ac       0x58 CMakeFiles/picow_sdcard_play.dir/src/sd_driver/SPI/sd_card_spi.c.o
 .text.chk_CMD13_response
                0x1000c404       0x88 CMakeFiles/picow_sdcard_play.dir/src/sd_driver/SPI/sd_card_spi.c.o
 .text.spi_lock
                0x1000c48c       0x28 CMakeFiles/picow_sdcard_play.dir/src/sd_driver/SPI/sd_card_spi.c.o
 .text.sd_spi_write
                0x1000c4b4       0x88 CMakeFiles/picow_sdcard_play.dir/src/sd_driver/SPI/sd_card_spi.c.o
 .text.sd_spi_select
                0x1000c53c       0x20 CMakeFiles/picow_sdcard_play.dir/src/sd_driver/SPI/sd_card_spi.c.o
 .text.sd_spi_acquire
                0x1000c55c       0x14 CMakeFiles/picow_sdcard_play.dir/src/sd_driver/SPI/sd_card_spi.c.o
 .text.sd_acquire
                0x1000c570       0x10 CMakeFiles/picow_sdcard_play.dir/src/sd_driver/SPI/sd_card_spi.c.o
 .text.sd_spi_deselect
                0x1000c580       0x20 CMakeFiles/picow_sdcard_play.dir/src/sd_driver/SPI/sd_card_spi.c.o
 .text.sd_spi_write_read
                0x1000c5a0       0x9c CMakeFiles/picow_sdcard_play.dir/src/sd_driver/SPI/sd_card_spi.c.o
 .text.sd_wait_ready
                0x1000c63c       0x44 CMakeFiles/picow_sdcard_play.dir/src/sd_driver/SPI/sd_card_spi.c.o
 .text.sd_spi_read
                0x1000c680       0x90 CMakeFiles/picow_sdcard_play.dir/src/sd_driver/SPI/sd_card_spi.c.o
 .text.sd_cmd_spi
                0x1000c710       0x80 CMakeFiles/picow_sdcard_play.dir/src/sd_driver/SPI/sd_card_spi.c.o
 .text.sd_cmd   0x1000c790      0x18c CMakeFiles/picow_sdcard_play.dir/src/sd_driver/SPI/sd_card_spi.c.o
 .text.sd_cmd8  0x1000c91c       0x40 CMakeFiles/picow_sdcard_play.dir/src/sd_driver/SPI/sd_card_spi.c.o
 .text.stop_wr_tran
                0x1000c95c       0x3c CMakeFiles/picow_sdcard_play.dir/src/sd_driver/SPI/sd_card_spi.c.o
 .text.sd_wait_token
                0x1000c998       0x44 CMakeFiles/picow_sdcard_play.dir/src/sd_driver/SPI/sd_card_spi.c.o
 .text.chk_crc16
                0x1000c9dc       0x14 CMakeFiles/picow_sdcard_play.dir/src/sd_driver/SPI/sd_card_spi.c.o
 .text.read_bytes
                0x1000c9f0       0x58 CMakeFiles/picow_sdcard_play.dir/src/sd_driver/SPI/sd_card_spi.c.o
 .text.in_sd_spi_sectors
                0x1000ca48       0x3c CMakeFiles/picow_sdcard_play.dir/src/sd_driver/SPI/sd_card_spi.c.o
 .text.spi_unlock
                0x1000ca84       0x28 CMakeFiles/picow_sdcard_play.dir/src/sd_driver/SPI/sd_card_spi.c.o
 .text.sd_spi_release
                0x1000caac       0x14 CMakeFiles/picow_sdcard_play.dir/src/sd_driver/SPI/sd_card_spi.c.o
 .text.sd_release
                0x1000cac0       0x10 CMakeFiles/picow_sdcard_play.dir/src/sd_driver/SPI/sd_card_spi.c.o
 .text.sd_spi_sectors
                0x1000cad0       0x1c CMakeFiles/picow_sdcard_play.dir/src/sd_driver/SPI/sd_card_spi.c.o
                0x1000cad0                sd_spi_sectors
 .text.sd_sync  0x1000caec       0x28 CMakeFiles/picow_sdcard_play.dir/src/sd_driver/SPI/sd_card_spi.c.o
 .text.in_sd_go_idle_state
                0x1000cb14       0x7c CMakeFiles/picow_sdcard_play.dir/src/sd_driver/SPI/sd_card_spi.c.o
 .text.sd_init_medium
                0x1000cb90      0x12c CMakeFiles/picow_sdcard_play.dir/src/sd_driver/SPI/sd_card_spi.c.o
 .text.sd_card_spi_init
                0x1000ccbc      0x108 CMakeFiles/picow_sdcard_play.dir/src/sd_driver/SPI/sd_card_spi.c.o
                0x1000ccbc                sd_card_spi_init
 .text.sd_spi_test_com
                0x1000cdc4       0xa8 CMakeFiles/picow_sdcard_play.dir/src/sd_driver/SPI/sd_card_spi.c.o
 .text.sd_deinit
                0x1000ce6c       0x30 CMakeFiles/picow_sdcard_play.dir/src/sd_driver/SPI/sd_card_spi.c.o
 .text.in_sd_read_blocks
                0x1000ce9c      0x14c CMakeFiles/picow_sdcard_play.dir/src/sd_driver/SPI/sd_card_spi.c.o
 .text.sd_read_blocks
                0x1000cfe8       0x64 CMakeFiles/picow_sdcard_play.dir/src/sd_driver/SPI/sd_card_spi.c.o
 .text.send_block
                0x1000d04c       0xd0 CMakeFiles/picow_sdcard_play.dir/src/sd_driver/SPI/sd_card_spi.c.o
 .text.write_block
                0x1000d11c       0x54 CMakeFiles/picow_sdcard_play.dir/src/sd_driver/SPI/sd_card_spi.c.o
 .text.get_num_wr_blocks
                0x1000d170       0x30 CMakeFiles/picow_sdcard_play.dir/src/sd_driver/SPI/sd_card_spi.c.o
 .text.send_all_blocks
                0x1000d1a0       0xa0 CMakeFiles/picow_sdcard_play.dir/src/sd_driver/SPI/sd_card_spi.c.o
 .text.in_sd_write_blocks
                0x1000d240       0x6c CMakeFiles/picow_sdcard_play.dir/src/sd_driver/SPI/sd_card_spi.c.o
 .text.sd_write_blocks
                0x1000d2ac       0x80 CMakeFiles/picow_sdcard_play.dir/src/sd_driver/SPI/sd_card_spi.c.o
 .text.sd_go_idle_state
                0x1000d32c       0x20 CMakeFiles/picow_sdcard_play.dir/src/sd_driver/SPI/sd_card_spi.c.o
                0x1000d32c                sd_go_idle_state
 .text.sd_spi_ctor
                0x1000d34c       0x90 CMakeFiles/picow_sdcard_play.dir/src/sd_driver/SPI/sd_card_spi.c.o
                0x1000d34c                sd_spi_ctor
 .text.sd_spi_go_high_frequency
                0x1000d3dc       0x10 CMakeFiles/picow_sdcard_play.dir/src/sd_driver/SPI/sd_spi.c.o
                0x1000d3dc                sd_spi_go_high_frequency
 .text.sd_spi_go_low_frequency
                0x1000d3ec       0x14 CMakeFiles/picow_sdcard_play.dir/src/sd_driver/SPI/sd_spi.c.o
                0x1000d3ec                sd_spi_go_low_frequency
 .text.sd_spi_send_initializing_sequence
                0x1000d400       0x74 CMakeFiles/picow_sdcard_play.dir/src/sd_driver/SPI/sd_spi.c.o
                0x1000d400                sd_spi_send_initializing_sequence
 .text.__NVIC_SystemReset
                0x1000d474       0x1c CMakeFiles/picow_sdcard_play.dir/src/src/crash.c.o
 .text.crc7     0x1000d490       0x28 CMakeFiles/picow_sdcard_play.dir/src/src/crash.c.o
 .text.capture_assert
                0x1000d4b8       0x98 CMakeFiles/picow_sdcard_play.dir/src/src/crash.c.o
                0x1000d4b8                capture_assert
 .text.Hardfault_HandlerC
                0x1000d550       0x60 CMakeFiles/picow_sdcard_play.dir/src/src/crash.c.o
                0x1000d550                Hardfault_HandlerC
 .text.HardFault_Handler
                0x1000d5b0       0x18 CMakeFiles/picow_sdcard_play.dir/src/src/crash.c.o
                0x1000d5b0                HardFault_Handler
 .text.swaplow  0x1000d5c8        0x8 CMakeFiles/picow_sdcard_play.dir/src/src/crc.c.o
 .text.crc16ibm_3740_word
                0x1000d5d0      0x1f4 CMakeFiles/picow_sdcard_play.dir/src/src/crc.c.o
 .text.crc16    0x1000d7c4       0x10 CMakeFiles/picow_sdcard_play.dir/src/src/crc.c.o
                0x1000d7c4                crc16
 .text.FRESULT_str
                0x1000d7d4       0xb8 CMakeFiles/picow_sdcard_play.dir/src/src/f_util.c.o
                0x1000d7d4                FRESULT_str
 .text.sdrc2dresult
                0x1000d88c       0x40 CMakeFiles/picow_sdcard_play.dir/src/src/glue.c.o
 .text.disk_status
                0x1000d8cc       0x16 CMakeFiles/picow_sdcard_play.dir/src/src/glue.c.o
                0x1000d8cc                disk_status
 .text.disk_initialize
                0x1000d8e2       0x36 CMakeFiles/picow_sdcard_play.dir/src/src/glue.c.o
                0x1000d8e2                disk_initialize
 .text.disk_read
                0x1000d918       0x28 CMakeFiles/picow_sdcard_play.dir/src/src/glue.c.o
                0x1000d918                disk_read
 .text.disk_write
                0x1000d940       0x28 CMakeFiles/picow_sdcard_play.dir/src/src/glue.c.o
                0x1000d940                disk_write
 .text.disk_ioctl
                0x1000d968       0x5c CMakeFiles/picow_sdcard_play.dir/src/src/glue.c.o
                0x1000d968                disk_ioctl
 .text.error_message_printf
                0x1000d9c4       0x38 CMakeFiles/picow_sdcard_play.dir/src/src/my_debug.c.o
                0x1000d9c4                error_message_printf
 .text.error_message_printf_plain
                0x1000d9fc       0x22 CMakeFiles/picow_sdcard_play.dir/src/src/my_debug.c.o
                0x1000d9fc                error_message_printf_plain
 *fill*         0x1000da1e        0x2 
 .text.my_assert_func
                0x1000da20       0x2c CMakeFiles/picow_sdcard_play.dir/src/src/my_debug.c.o
                0x1000da20                my_assert_func
 .text.get_time
                0x1000da4c       0x18 CMakeFiles/picow_sdcard_play.dir/src/src/my_rtc.c.o
 .text.get_fattime
                0x1000da64       0xf0 CMakeFiles/picow_sdcard_play.dir/src/src/my_rtc.c.o
                0x1000da64                get_fattime
 .text.dma_channel_claim
                0x1000db54       0x18 CMakeFiles/picow_sdcard_play.dir/Users/reiya/pico/pico-sdk/src/rp2_common/hardware_dma/dma.c.o